[2024-07-07T16:10:39.934867+00:00] main.INFO: {"feed":"undefined","operation":"undefined","status":"Setting mode Update On Schedule for indexer Stores Feed","elapsed":"00:00:00 626 ms","pid":"25953","caller":"bin\/magento setup:install --base-url=https:\/\/www.empye.org\/ --db-host=localhost --db-name=empyeorg --db-user=empyeorg"} [] []
[2024-07-07T16:10:40.035010+00:00] main.INFO: {"feed":"undefined","operation":"undefined","status":"Setting mode Update On Schedule for indexer Sales Order Feed","elapsed":"00:00:00 726 ms","pid":"25953","caller":"bin\/magento setup:install --base-url=https:\/\/www.empye.org\/ --db-host=localhost --db-name=empyeorg --db-user=empyeorg"} [] []
[2024-07-07T16:10:40.132584+00:00] main.INFO: {"feed":"undefined","operation":"undefined","status":"Setting mode Update On Schedule for indexer Sales Order Statuses Feed","elapsed":"00:00:01 823 ms","pid":"25953","caller":"bin\/magento setup:install --base-url=https:\/\/www.empye.org\/ --db-host=localhost --db-name=empyeorg --db-user=empyeorg"} [] []
[2024-07-09T06:26:04.538457+00:00] main.INFO: {"feed":"stores","operation":"full reindex(legacy)","status":"Initialize","elapsed":"833 ms","pid":"51893","caller":"bin\/magento indexer:reindex"} [] []
[2024-07-09T06:26:04.562086+00:00] main.INFO: {"feed":"stores","operation":"full reindex(legacy)","status":"Creating batch table `stores_data_exporter_index_batches`. Start position: 0","elapsed":"857 ms","pid":"51893","caller":"bin\/magento indexer:reindex"} [] []
[2024-07-09T06:26:04.576358+00:00] main.INFO: {"feed":"stores","operation":"full reindex(legacy)","status":"Batch table `stores_data_exporter_index_batches` created. Total Items: 1, batches: ~0","elapsed":"871 ms","pid":"51893","caller":"bin\/magento indexer:reindex"} [] []
[2024-07-09T06:26:04.576575+00:00] main.INFO: {"feed":"stores","operation":"full reindex(legacy)","status":"start processing `1` items in `1` threads with `100` batch size","elapsed":"871 ms","pid":"51893","caller":"bin\/magento indexer:reindex"} [] []
[2024-07-09T06:26:04.599402+00:00] main.INFO: {"feed":"stores","operation":"full reindex(legacy)","status":"Progress 1\/1, processed 1, synced 1","elapsed":"894 ms","pid":"51893","caller":"bin\/magento indexer:reindex"} [] []
[2024-07-09T06:26:04.600792+00:00] main.INFO: {"feed":"stores","operation":"full reindex(legacy)","status":"Complete","elapsed":"895 ms","pid":"51893","caller":"bin\/magento indexer:reindex"} [] []
[2024-07-09T06:26:04.614889+00:00] main.INFO: {"feed":"salesOrders","operation":"full reindex(legacy)","status":"Initialize","elapsed":"986 ms","pid":"51893","caller":"bin\/magento indexer:reindex"} [] []
[2024-07-09T06:26:04.638078+00:00] main.INFO: {"feed":"salesOrders","operation":"full reindex(legacy)","status":"Creating batch table `sales_data_exporter_orders_index_batches`. Start position: 0","elapsed":"00:00:00 9 ms","pid":"51893","caller":"bin\/magento indexer:reindex"} [] []
[2024-07-09T06:26:04.651066+00:00] main.INFO: {"feed":"salesOrders","operation":"full reindex(legacy)","status":"Batch table `sales_data_exporter_orders_index_batches` created. Total Items: 0, batches: ~0","elapsed":"00:00:00 22 ms","pid":"51893","caller":"bin\/magento indexer:reindex"} [] []
[2024-07-09T06:26:04.651273+00:00] main.INFO: {"feed":"salesOrders","operation":"full reindex(legacy)","status":"nothing to process - no items to sync. Not expected? Are there any items in source table `sales_order`?","elapsed":"00:00:00 22 ms","pid":"51893","caller":"bin\/magento indexer:reindex"} [] []
[2024-07-09T06:26:04.652826+00:00] main.INFO: {"feed":"salesOrders","operation":"full reindex(legacy)","status":"Complete","elapsed":"00:00:00 24 ms","pid":"51893","caller":"bin\/magento indexer:reindex"} [] []
[2024-07-09T06:26:04.666195+00:00] main.INFO: {"feed":"salesOrderStatuses","operation":"full reindex(legacy)","status":"Initialize","elapsed":"00:00:00 88 ms","pid":"51893","caller":"bin\/magento indexer:reindex"} [] []
[2024-07-09T06:26:04.693390+00:00] main.INFO: {"feed":"salesOrderStatuses","operation":"full reindex(legacy)","status":"Creating batch table `sales_data_exporter_order_statuses_index_batches`. Start position: ","elapsed":"00:00:00 116 ms","pid":"51893","caller":"bin\/magento indexer:reindex"} [] []
[2024-07-09T06:26:04.705667+00:00] main.INFO: {"feed":"salesOrderStatuses","operation":"full reindex(legacy)","status":"Batch table `sales_data_exporter_order_statuses_index_batches` created. Total Items: 12, batches: ~0","elapsed":"00:00:00 128 ms","pid":"51893","caller":"bin\/magento indexer:reindex"} [] []
[2024-07-09T06:26:04.706024+00:00] main.INFO: {"feed":"salesOrderStatuses","operation":"full reindex(legacy)","status":"start processing `12` items in `1` threads with `100` batch size","elapsed":"00:00:00 128 ms","pid":"51893","caller":"bin\/magento indexer:reindex"} [] []
[2024-07-09T06:26:04.716152+00:00] main.INFO: {"feed":"salesOrderStatuses","operation":"full reindex(legacy)","status":"Progress 1\/1, processed 12, synced 12","elapsed":"00:00:00 138 ms","pid":"51893","caller":"bin\/magento indexer:reindex"} [] []
[2024-07-09T06:26:04.719022+00:00] main.INFO: {"feed":"salesOrderStatuses","operation":"full reindex(legacy)","status":"Complete","elapsed":"00:00:00 141 ms","pid":"51893","caller":"bin\/magento indexer:reindex"} [] []
[2024-07-15T17:39:05.480572+00:00] main.INFO: {"feed":"stores","operation":"full reindex(legacy)","status":"Initialize","elapsed":"316 ms","pid":"409677","caller":"bin\/magento indexer:reindex"} [] []
[2024-07-15T17:39:05.502009+00:00] main.INFO: {"feed":"stores","operation":"full reindex(legacy)","status":"Creating batch table `stores_data_exporter_index_batches`. Start position: 0","elapsed":"338 ms","pid":"409677","caller":"bin\/magento indexer:reindex"} [] []
[2024-07-15T17:39:05.513010+00:00] main.INFO: {"feed":"stores","operation":"full reindex(legacy)","status":"Batch table `stores_data_exporter_index_batches` created. Total Items: 1, batches: ~0","elapsed":"349 ms","pid":"409677","caller":"bin\/magento indexer:reindex"} [] []
[2024-07-15T17:39:05.513231+00:00] main.INFO: {"feed":"stores","operation":"full reindex(legacy)","status":"start processing `1` items in `1` threads with `100` batch size","elapsed":"349 ms","pid":"409677","caller":"bin\/magento indexer:reindex"} [] []
[2024-07-15T17:39:05.538771+00:00] main.INFO: {"feed":"stores","operation":"full reindex(legacy)","status":"Progress 1\/1, processed 1, synced 1","elapsed":"375 ms","pid":"409677","caller":"bin\/magento indexer:reindex"} [] []
[2024-07-15T17:39:05.540719+00:00] main.INFO: {"feed":"stores","operation":"full reindex(legacy)","status":"Complete","elapsed":"377 ms","pid":"409677","caller":"bin\/magento indexer:reindex"} [] []
[2024-07-15T17:39:05.555706+00:00] main.INFO: {"feed":"salesOrders","operation":"full reindex(legacy)","status":"Initialize","elapsed":"467 ms","pid":"409677","caller":"bin\/magento indexer:reindex"} [] []
[2024-07-15T17:39:05.574538+00:00] main.INFO: {"feed":"salesOrders","operation":"full reindex(legacy)","status":"Creating batch table `sales_data_exporter_orders_index_batches`. Start position: 0","elapsed":"486 ms","pid":"409677","caller":"bin\/magento indexer:reindex"} [] []
[2024-07-15T17:39:05.582908+00:00] main.INFO: {"feed":"salesOrders","operation":"full reindex(legacy)","status":"Batch table `sales_data_exporter_orders_index_batches` created. Total Items: 0, batches: ~0","elapsed":"494 ms","pid":"409677","caller":"bin\/magento indexer:reindex"} [] []
[2024-07-15T17:39:05.583097+00:00] main.INFO: {"feed":"salesOrders","operation":"full reindex(legacy)","status":"nothing to process - no items to sync. Not expected? Are there any items in source table `sales_order`?","elapsed":"494 ms","pid":"409677","caller":"bin\/magento indexer:reindex"} [] []
[2024-07-15T17:39:05.584099+00:00] main.INFO: {"feed":"salesOrders","operation":"full reindex(legacy)","status":"Complete","elapsed":"495 ms","pid":"409677","caller":"bin\/magento indexer:reindex"} [] []
[2024-07-15T17:39:05.594664+00:00] main.INFO: {"feed":"salesOrderStatuses","operation":"full reindex(legacy)","status":"Initialize","elapsed":"545 ms","pid":"409677","caller":"bin\/magento indexer:reindex"} [] []
[2024-07-15T17:39:05.608642+00:00] main.INFO: {"feed":"salesOrderStatuses","operation":"full reindex(legacy)","status":"Creating batch table `sales_data_exporter_order_statuses_index_batches`. Start position: ","elapsed":"559 ms","pid":"409677","caller":"bin\/magento indexer:reindex"} [] []
[2024-07-15T17:39:05.616786+00:00] main.INFO: {"feed":"salesOrderStatuses","operation":"full reindex(legacy)","status":"Batch table `sales_data_exporter_order_statuses_index_batches` created. Total Items: 12, batches: ~0","elapsed":"567 ms","pid":"409677","caller":"bin\/magento indexer:reindex"} [] []
[2024-07-15T17:39:05.616968+00:00] main.INFO: {"feed":"salesOrderStatuses","operation":"full reindex(legacy)","status":"start processing `12` items in `1` threads with `100` batch size","elapsed":"567 ms","pid":"409677","caller":"bin\/magento indexer:reindex"} [] []
[2024-07-15T17:39:05.622203+00:00] main.INFO: {"feed":"salesOrderStatuses","operation":"full reindex(legacy)","status":"Progress 1\/1, processed 12, synced 12","elapsed":"572 ms","pid":"409677","caller":"bin\/magento indexer:reindex"} [] []
[2024-07-15T17:39:05.623230+00:00] main.INFO: {"feed":"salesOrderStatuses","operation":"full reindex(legacy)","status":"Complete","elapsed":"573 ms","pid":"409677","caller":"bin\/magento indexer:reindex"} [] []
[2024-07-16T05:16:40.128123+00:00] main.INFO: {"feed":"stores","operation":"full reindex(legacy)","status":"Initialize","elapsed":"00:00:00 611 ms","pid":"450453","caller":"bin\/magento indexer:reindex"} [] []
[2024-07-16T05:16:40.143014+00:00] main.INFO: {"feed":"stores","operation":"full reindex(legacy)","status":"Creating batch table `stores_data_exporter_index_batches`. Start position: 0","elapsed":"00:00:00 626 ms","pid":"450453","caller":"bin\/magento indexer:reindex"} [] []
[2024-07-16T05:16:40.150451+00:00] main.INFO: {"feed":"stores","operation":"full reindex(legacy)","status":"Batch table `stores_data_exporter_index_batches` created. Total Items: 1, batches: ~0","elapsed":"00:00:00 634 ms","pid":"450453","caller":"bin\/magento indexer:reindex"} [] []
[2024-07-16T05:16:40.150573+00:00] main.INFO: {"feed":"stores","operation":"full reindex(legacy)","status":"start processing `1` items in `1` threads with `100` batch size","elapsed":"00:00:00 634 ms","pid":"450453","caller":"bin\/magento indexer:reindex"} [] []
[2024-07-16T05:16:40.166131+00:00] main.INFO: {"feed":"stores","operation":"full reindex(legacy)","status":"Progress 1\/1, processed 1, synced 1","elapsed":"00:00:00 650 ms","pid":"450453","caller":"bin\/magento indexer:reindex"} [] []
[2024-07-16T05:16:40.167591+00:00] main.INFO: {"feed":"stores","operation":"full reindex(legacy)","status":"Complete","elapsed":"00:00:00 651 ms","pid":"450453","caller":"bin\/magento indexer:reindex"} [] []
[2024-07-16T05:16:40.176941+00:00] main.INFO: {"feed":"salesOrders","operation":"full reindex(legacy)","status":"Initialize","elapsed":"00:00:00 709 ms","pid":"450453","caller":"bin\/magento indexer:reindex"} [] []
[2024-07-16T05:16:40.187172+00:00] main.INFO: {"feed":"salesOrders","operation":"full reindex(legacy)","status":"Creating batch table `sales_data_exporter_orders_index_batches`. Start position: 0","elapsed":"00:00:00 720 ms","pid":"450453","caller":"bin\/magento indexer:reindex"} [] []
[2024-07-16T05:16:40.194822+00:00] main.INFO: {"feed":"salesOrders","operation":"full reindex(legacy)","status":"Batch table `sales_data_exporter_orders_index_batches` created. Total Items: 0, batches: ~0","elapsed":"00:00:00 727 ms","pid":"450453","caller":"bin\/magento indexer:reindex"} [] []
[2024-07-16T05:16:40.194961+00:00] main.INFO: {"feed":"salesOrders","operation":"full reindex(legacy)","status":"nothing to process - no items to sync. Not expected? Are there any items in source table `sales_order`?","elapsed":"00:00:00 727 ms","pid":"450453","caller":"bin\/magento indexer:reindex"} [] []
[2024-07-16T05:16:40.195641+00:00] main.INFO: {"feed":"salesOrders","operation":"full reindex(legacy)","status":"Complete","elapsed":"00:00:00 728 ms","pid":"450453","caller":"bin\/magento indexer:reindex"} [] []
[2024-07-16T05:16:40.210582+00:00] main.INFO: {"feed":"salesOrderStatuses","operation":"full reindex(legacy)","status":"Initialize","elapsed":"00:00:00 777 ms","pid":"450453","caller":"bin\/magento indexer:reindex"} [] []
[2024-07-16T05:16:40.227085+00:00] main.INFO: {"feed":"salesOrderStatuses","operation":"full reindex(legacy)","status":"Creating batch table `sales_data_exporter_order_statuses_index_batches`. Start position: ","elapsed":"00:00:00 793 ms","pid":"450453","caller":"bin\/magento indexer:reindex"} [] []
[2024-07-16T05:16:40.236477+00:00] main.INFO: {"feed":"salesOrderStatuses","operation":"full reindex(legacy)","status":"Batch table `sales_data_exporter_order_statuses_index_batches` created. Total Items: 12, batches: ~0","elapsed":"00:00:00 802 ms","pid":"450453","caller":"bin\/magento indexer:reindex"} [] []
[2024-07-16T05:16:40.236648+00:00] main.INFO: {"feed":"salesOrderStatuses","operation":"full reindex(legacy)","status":"start processing `12` items in `1` threads with `100` batch size","elapsed":"00:00:00 803 ms","pid":"450453","caller":"bin\/magento indexer:reindex"} [] []
[2024-07-16T05:16:40.240812+00:00] main.INFO: {"feed":"salesOrderStatuses","operation":"full reindex(legacy)","status":"Progress 1\/1, processed 12, synced 12","elapsed":"00:00:00 807 ms","pid":"450453","caller":"bin\/magento indexer:reindex"} [] []
[2024-07-16T05:16:40.241584+00:00] main.INFO: {"feed":"salesOrderStatuses","operation":"full reindex(legacy)","status":"Complete","elapsed":"00:00:00 808 ms","pid":"450453","caller":"bin\/magento indexer:reindex"} [] []
[2024-07-17T06:01:38.884664+00:00] main.INFO: {"feed":"stores","operation":"full reindex(legacy)","status":"Initialize","elapsed":"00:00:00 125 ms","pid":"542176","caller":"bin\/magento indexer:reindex"} [] []
[2024-07-17T06:01:38.910923+00:00] main.INFO: {"feed":"stores","operation":"full reindex(legacy)","status":"Creating batch table `stores_data_exporter_index_batches`. Start position: 0","elapsed":"00:00:00 151 ms","pid":"542176","caller":"bin\/magento indexer:reindex"} [] []
[2024-07-17T06:01:39.026236+00:00] main.INFO: {"feed":"stores","operation":"full reindex(legacy)","status":"Batch table `stores_data_exporter_index_batches` created. Total Items: 1, batches: ~0","elapsed":"00:00:00 266 ms","pid":"542176","caller":"bin\/magento indexer:reindex"} [] []
[2024-07-17T06:01:39.026494+00:00] main.INFO: {"feed":"stores","operation":"full reindex(legacy)","status":"start processing `1` items in `1` threads with `100` batch size","elapsed":"00:00:00 267 ms","pid":"542176","caller":"bin\/magento indexer:reindex"} [] []
[2024-07-17T06:01:39.043745+00:00] main.INFO: {"feed":"stores","operation":"full reindex(legacy)","status":"Progress 1\/1, processed 1, synced 1","elapsed":"00:00:00 284 ms","pid":"542176","caller":"bin\/magento indexer:reindex"} [] []
[2024-07-17T06:01:39.045514+00:00] main.INFO: {"feed":"stores","operation":"full reindex(legacy)","status":"Complete","elapsed":"00:00:00 286 ms","pid":"542176","caller":"bin\/magento indexer:reindex"} [] []
[2024-07-17T06:01:39.055823+00:00] main.INFO: {"feed":"salesOrders","operation":"full reindex(legacy)","status":"Initialize","elapsed":"00:00:00 467 ms","pid":"542176","caller":"bin\/magento indexer:reindex"} [] []
[2024-07-17T06:01:39.073929+00:00] main.INFO: {"feed":"salesOrders","operation":"full reindex(legacy)","status":"Creating batch table `sales_data_exporter_orders_index_batches`. Start position: 0","elapsed":"00:00:00 485 ms","pid":"542176","caller":"bin\/magento indexer:reindex"} [] []
[2024-07-17T06:01:39.087538+00:00] main.INFO: {"feed":"salesOrders","operation":"full reindex(legacy)","status":"Batch table `sales_data_exporter_orders_index_batches` created. Total Items: 0, batches: ~0","elapsed":"00:00:00 499 ms","pid":"542176","caller":"bin\/magento indexer:reindex"} [] []
[2024-07-17T06:01:39.087756+00:00] main.INFO: {"feed":"salesOrders","operation":"full reindex(legacy)","status":"nothing to process - no items to sync. Not expected? Are there any items in source table `sales_order`?","elapsed":"00:00:00 499 ms","pid":"542176","caller":"bin\/magento indexer:reindex"} [] []
[2024-07-17T06:01:39.088739+00:00] main.INFO: {"feed":"salesOrders","operation":"full reindex(legacy)","status":"Complete","elapsed":"00:00:00 500 ms","pid":"542176","caller":"bin\/magento indexer:reindex"} [] []
[2024-07-17T06:01:39.103532+00:00] main.INFO: {"feed":"salesOrderStatuses","operation":"full reindex(legacy)","status":"Initialize","elapsed":"00:00:00 562 ms","pid":"542176","caller":"bin\/magento indexer:reindex"} [] []
[2024-07-17T06:01:39.120208+00:00] main.INFO: {"feed":"salesOrderStatuses","operation":"full reindex(legacy)","status":"Creating batch table `sales_data_exporter_order_statuses_index_batches`. Start position: ","elapsed":"00:00:00 579 ms","pid":"542176","caller":"bin\/magento indexer:reindex"} [] []
[2024-07-17T06:01:39.137496+00:00] main.INFO: {"feed":"salesOrderStatuses","operation":"full reindex(legacy)","status":"Batch table `sales_data_exporter_order_statuses_index_batches` created. Total Items: 12, batches: ~0","elapsed":"00:00:00 596 ms","pid":"542176","caller":"bin\/magento indexer:reindex"} [] []
[2024-07-17T06:01:39.137698+00:00] main.INFO: {"feed":"salesOrderStatuses","operation":"full reindex(legacy)","status":"start processing `12` items in `1` threads with `100` batch size","elapsed":"00:00:00 597 ms","pid":"542176","caller":"bin\/magento indexer:reindex"} [] []
[2024-07-17T06:01:39.144336+00:00] main.INFO: {"feed":"salesOrderStatuses","operation":"full reindex(legacy)","status":"Progress 1\/1, processed 12, synced 12","elapsed":"00:00:00 603 ms","pid":"542176","caller":"bin\/magento indexer:reindex"} [] []
[2024-07-17T06:01:39.145867+00:00] main.INFO: {"feed":"salesOrderStatuses","operation":"full reindex(legacy)","status":"Complete","elapsed":"00:00:00 605 ms","pid":"542176","caller":"bin\/magento indexer:reindex"} [] []
[2024-07-17T06:02:33.627867+00:00] main.INFO: {"feed":"stores","operation":"full reindex(legacy)","status":"Initialize","elapsed":"611 ms","pid":"542243","caller":"bin\/magento indexer:reindex"} [] []
[2024-07-17T06:02:33.643616+00:00] main.INFO: {"feed":"stores","operation":"full reindex(legacy)","status":"Creating batch table `stores_data_exporter_index_batches`. Start position: 0","elapsed":"627 ms","pid":"542243","caller":"bin\/magento indexer:reindex"} [] []
[2024-07-17T06:02:33.651353+00:00] main.INFO: {"feed":"stores","operation":"full reindex(legacy)","status":"Batch table `stores_data_exporter_index_batches` created. Total Items: 1, batches: ~0","elapsed":"635 ms","pid":"542243","caller":"bin\/magento indexer:reindex"} [] []
[2024-07-17T06:02:33.651532+00:00] main.INFO: {"feed":"stores","operation":"full reindex(legacy)","status":"start processing `1` items in `1` threads with `100` batch size","elapsed":"635 ms","pid":"542243","caller":"bin\/magento indexer:reindex"} [] []
[2024-07-17T06:02:33.664915+00:00] main.INFO: {"feed":"stores","operation":"full reindex(legacy)","status":"Progress 1\/1, processed 1, synced 1","elapsed":"648 ms","pid":"542243","caller":"bin\/magento indexer:reindex"} [] []
[2024-07-17T06:02:33.665764+00:00] main.INFO: {"feed":"stores","operation":"full reindex(legacy)","status":"Complete","elapsed":"649 ms","pid":"542243","caller":"bin\/magento indexer:reindex"} [] []
[2024-07-17T06:02:33.674330+00:00] main.INFO: {"feed":"salesOrders","operation":"full reindex(legacy)","status":"Initialize","elapsed":"704 ms","pid":"542243","caller":"bin\/magento indexer:reindex"} [] []
[2024-07-17T06:02:33.689863+00:00] main.INFO: {"feed":"salesOrders","operation":"full reindex(legacy)","status":"Creating batch table `sales_data_exporter_orders_index_batches`. Start position: 0","elapsed":"720 ms","pid":"542243","caller":"bin\/magento indexer:reindex"} [] []
[2024-07-17T06:02:33.696492+00:00] main.INFO: {"feed":"salesOrders","operation":"full reindex(legacy)","status":"Batch table `sales_data_exporter_orders_index_batches` created. Total Items: 0, batches: ~0","elapsed":"726 ms","pid":"542243","caller":"bin\/magento indexer:reindex"} [] []
[2024-07-17T06:02:33.696658+00:00] main.INFO: {"feed":"salesOrders","operation":"full reindex(legacy)","status":"nothing to process - no items to sync. Not expected? Are there any items in source table `sales_order`?","elapsed":"726 ms","pid":"542243","caller":"bin\/magento indexer:reindex"} [] []
[2024-07-17T06:02:33.697479+00:00] main.INFO: {"feed":"salesOrders","operation":"full reindex(legacy)","status":"Complete","elapsed":"727 ms","pid":"542243","caller":"bin\/magento indexer:reindex"} [] []
[2024-07-17T06:02:33.707178+00:00] main.INFO: {"feed":"salesOrderStatuses","operation":"full reindex(legacy)","status":"Initialize","elapsed":"770 ms","pid":"542243","caller":"bin\/magento indexer:reindex"} [] []
[2024-07-17T06:02:33.722116+00:00] main.INFO: {"feed":"salesOrderStatuses","operation":"full reindex(legacy)","status":"Creating batch table `sales_data_exporter_order_statuses_index_batches`. Start position: ","elapsed":"785 ms","pid":"542243","caller":"bin\/magento indexer:reindex"} [] []
[2024-07-17T06:02:33.729853+00:00] main.INFO: {"feed":"salesOrderStatuses","operation":"full reindex(legacy)","status":"Batch table `sales_data_exporter_order_statuses_index_batches` created. Total Items: 12, batches: ~0","elapsed":"792 ms","pid":"542243","caller":"bin\/magento indexer:reindex"} [] []
[2024-07-17T06:02:33.730029+00:00] main.INFO: {"feed":"salesOrderStatuses","operation":"full reindex(legacy)","status":"start processing `12` items in `1` threads with `100` batch size","elapsed":"793 ms","pid":"542243","caller":"bin\/magento indexer:reindex"} [] []
[2024-07-17T06:02:33.734635+00:00] main.INFO: {"feed":"salesOrderStatuses","operation":"full reindex(legacy)","status":"Progress 1\/1, processed 12, synced 12","elapsed":"797 ms","pid":"542243","caller":"bin\/magento indexer:reindex"} [] []
[2024-07-17T06:02:33.735871+00:00] main.INFO: {"feed":"salesOrderStatuses","operation":"full reindex(legacy)","status":"Complete","elapsed":"798 ms","pid":"542243","caller":"bin\/magento indexer:reindex"} [] []
[2024-07-17T07:19:46.581708+00:00] main.INFO: {"feed":"stores","operation":"full reindex(legacy)","status":"Initialize","elapsed":"519 ms","pid":"547223","caller":"bin\/magento indexer:reindex"} [] []
[2024-07-17T07:19:46.592323+00:00] main.INFO: {"feed":"stores","operation":"full reindex(legacy)","status":"Creating batch table `stores_data_exporter_index_batches`. Start position: 0","elapsed":"529 ms","pid":"547223","caller":"bin\/magento indexer:reindex"} [] []
[2024-07-17T07:19:46.600797+00:00] main.INFO: {"feed":"stores","operation":"full reindex(legacy)","status":"Batch table `stores_data_exporter_index_batches` created. Total Items: 1, batches: ~0","elapsed":"538 ms","pid":"547223","caller":"bin\/magento indexer:reindex"} [] []
[2024-07-17T07:19:46.600956+00:00] main.INFO: {"feed":"stores","operation":"full reindex(legacy)","status":"start processing `1` items in `1` threads with `100` batch size","elapsed":"538 ms","pid":"547223","caller":"bin\/magento indexer:reindex"} [] []
[2024-07-17T07:19:46.608886+00:00] main.INFO: {"feed":"stores","operation":"full reindex(legacy)","status":"Progress 1\/1, processed 1, synced 1","elapsed":"546 ms","pid":"547223","caller":"bin\/magento indexer:reindex"} [] []
[2024-07-17T07:19:46.610424+00:00] main.INFO: {"feed":"stores","operation":"full reindex(legacy)","status":"Complete","elapsed":"548 ms","pid":"547223","caller":"bin\/magento indexer:reindex"} [] []
[2024-07-17T07:19:46.620147+00:00] main.INFO: {"feed":"salesOrders","operation":"full reindex(legacy)","status":"Initialize","elapsed":"596 ms","pid":"547223","caller":"bin\/magento indexer:reindex"} [] []
[2024-07-17T07:19:46.630014+00:00] main.INFO: {"feed":"salesOrders","operation":"full reindex(legacy)","status":"Creating batch table `sales_data_exporter_orders_index_batches`. Start position: 0","elapsed":"606 ms","pid":"547223","caller":"bin\/magento indexer:reindex"} [] []
[2024-07-17T07:19:46.636038+00:00] main.INFO: {"feed":"salesOrders","operation":"full reindex(legacy)","status":"Batch table `sales_data_exporter_orders_index_batches` created. Total Items: 0, batches: ~0","elapsed":"612 ms","pid":"547223","caller":"bin\/magento indexer:reindex"} [] []
[2024-07-17T07:19:46.636208+00:00] main.INFO: {"feed":"salesOrders","operation":"full reindex(legacy)","status":"nothing to process - no items to sync. Not expected? Are there any items in source table `sales_order`?","elapsed":"612 ms","pid":"547223","caller":"bin\/magento indexer:reindex"} [] []
[2024-07-17T07:19:46.637075+00:00] main.INFO: {"feed":"salesOrders","operation":"full reindex(legacy)","status":"Complete","elapsed":"613 ms","pid":"547223","caller":"bin\/magento indexer:reindex"} [] []
[2024-07-17T07:19:46.645853+00:00] main.INFO: {"feed":"salesOrderStatuses","operation":"full reindex(legacy)","status":"Initialize","elapsed":"647 ms","pid":"547223","caller":"bin\/magento indexer:reindex"} [] []
[2024-07-17T07:19:46.656749+00:00] main.INFO: {"feed":"salesOrderStatuses","operation":"full reindex(legacy)","status":"Creating batch table `sales_data_exporter_order_statuses_index_batches`. Start position: ","elapsed":"658 ms","pid":"547223","caller":"bin\/magento indexer:reindex"} [] []
[2024-07-17T07:19:46.663909+00:00] main.INFO: {"feed":"salesOrderStatuses","operation":"full reindex(legacy)","status":"Batch table `sales_data_exporter_order_statuses_index_batches` created. Total Items: 12, batches: ~0","elapsed":"665 ms","pid":"547223","caller":"bin\/magento indexer:reindex"} [] []
[2024-07-17T07:19:46.664049+00:00] main.INFO: {"feed":"salesOrderStatuses","operation":"full reindex(legacy)","status":"start processing `12` items in `1` threads with `100` batch size","elapsed":"665 ms","pid":"547223","caller":"bin\/magento indexer:reindex"} [] []
[2024-07-17T07:19:46.666992+00:00] main.INFO: {"feed":"salesOrderStatuses","operation":"full reindex(legacy)","status":"Progress 1\/1, processed 12, synced 12","elapsed":"668 ms","pid":"547223","caller":"bin\/magento indexer:reindex"} [] []
[2024-07-17T07:19:46.668172+00:00] main.INFO: {"feed":"salesOrderStatuses","operation":"full reindex(legacy)","status":"Complete","elapsed":"669 ms","pid":"547223","caller":"bin\/magento indexer:reindex"} [] []
[2024-07-17T07:38:09.359129+00:00] main.INFO: {"feed":"stores","operation":"full reindex(legacy)","status":"Initialize","elapsed":"74 ms","pid":"548251","caller":"bin\/magento indexer:reindex"} [] []
[2024-07-17T07:38:09.376196+00:00] main.INFO: {"feed":"stores","operation":"full reindex(legacy)","status":"Creating batch table `stores_data_exporter_index_batches`. Start position: 0","elapsed":"91 ms","pid":"548251","caller":"bin\/magento indexer:reindex"} [] []
[2024-07-17T07:38:09.390174+00:00] main.INFO: {"feed":"stores","operation":"full reindex(legacy)","status":"Batch table `stores_data_exporter_index_batches` created. Total Items: 1, batches: ~0","elapsed":"105 ms","pid":"548251","caller":"bin\/magento indexer:reindex"} [] []
[2024-07-17T07:38:09.390378+00:00] main.INFO: {"feed":"stores","operation":"full reindex(legacy)","status":"start processing `1` items in `1` threads with `100` batch size","elapsed":"105 ms","pid":"548251","caller":"bin\/magento indexer:reindex"} [] []
[2024-07-17T07:38:09.400330+00:00] main.INFO: {"feed":"stores","operation":"full reindex(legacy)","status":"Progress 1\/1, processed 1, synced 1","elapsed":"115 ms","pid":"548251","caller":"bin\/magento indexer:reindex"} [] []
[2024-07-17T07:38:09.401968+00:00] main.INFO: {"feed":"stores","operation":"full reindex(legacy)","status":"Complete","elapsed":"116 ms","pid":"548251","caller":"bin\/magento indexer:reindex"} [] []
[2024-07-17T07:38:09.414138+00:00] main.INFO: {"feed":"salesOrders","operation":"full reindex(legacy)","status":"Initialize","elapsed":"184 ms","pid":"548251","caller":"bin\/magento indexer:reindex"} [] []
[2024-07-17T07:38:09.427826+00:00] main.INFO: {"feed":"salesOrders","operation":"full reindex(legacy)","status":"Creating batch table `sales_data_exporter_orders_index_batches`. Start position: 0","elapsed":"197 ms","pid":"548251","caller":"bin\/magento indexer:reindex"} [] []
[2024-07-17T07:38:09.437967+00:00] main.INFO: {"feed":"salesOrders","operation":"full reindex(legacy)","status":"Batch table `sales_data_exporter_orders_index_batches` created. Total Items: 0, batches: ~0","elapsed":"207 ms","pid":"548251","caller":"bin\/magento indexer:reindex"} [] []
[2024-07-17T07:38:09.438202+00:00] main.INFO: {"feed":"salesOrders","operation":"full reindex(legacy)","status":"nothing to process - no items to sync. Not expected? Are there any items in source table `sales_order`?","elapsed":"208 ms","pid":"548251","caller":"bin\/magento indexer:reindex"} [] []
[2024-07-17T07:38:09.440291+00:00] main.INFO: {"feed":"salesOrders","operation":"full reindex(legacy)","status":"Complete","elapsed":"210 ms","pid":"548251","caller":"bin\/magento indexer:reindex"} [] []
[2024-07-17T07:38:09.454209+00:00] main.INFO: {"feed":"salesOrderStatuses","operation":"full reindex(legacy)","status":"Initialize","elapsed":"264 ms","pid":"548251","caller":"bin\/magento indexer:reindex"} [] []
[2024-07-17T07:38:09.471143+00:00] main.INFO: {"feed":"salesOrderStatuses","operation":"full reindex(legacy)","status":"Creating batch table `sales_data_exporter_order_statuses_index_batches`. Start position: ","elapsed":"281 ms","pid":"548251","caller":"bin\/magento indexer:reindex"} [] []
[2024-07-17T07:38:09.480435+00:00] main.INFO: {"feed":"salesOrderStatuses","operation":"full reindex(legacy)","status":"Batch table `sales_data_exporter_order_statuses_index_batches` created. Total Items: 12, batches: ~0","elapsed":"290 ms","pid":"548251","caller":"bin\/magento indexer:reindex"} [] []
[2024-07-17T07:38:09.480628+00:00] main.INFO: {"feed":"salesOrderStatuses","operation":"full reindex(legacy)","status":"start processing `12` items in `1` threads with `100` batch size","elapsed":"290 ms","pid":"548251","caller":"bin\/magento indexer:reindex"} [] []
[2024-07-17T07:38:09.488152+00:00] main.INFO: {"feed":"salesOrderStatuses","operation":"full reindex(legacy)","status":"Progress 1\/1, processed 12, synced 12","elapsed":"298 ms","pid":"548251","caller":"bin\/magento indexer:reindex"} [] []
[2024-07-17T07:38:09.489969+00:00] main.INFO: {"feed":"salesOrderStatuses","operation":"full reindex(legacy)","status":"Complete","elapsed":"300 ms","pid":"548251","caller":"bin\/magento indexer:reindex"} [] []
[2024-07-17T08:13:07.754025+00:00] main.INFO: {"feed":"stores","operation":"full reindex(legacy)","status":"Initialize","elapsed":"863 ms","pid":"550472","caller":"bin\/magento indexer:reindex"} [] []
[2024-07-17T08:13:07.767626+00:00] main.INFO: {"feed":"stores","operation":"full reindex(legacy)","status":"Creating batch table `stores_data_exporter_index_batches`. Start position: 0","elapsed":"877 ms","pid":"550472","caller":"bin\/magento indexer:reindex"} [] []
[2024-07-17T08:13:07.776340+00:00] main.INFO: {"feed":"stores","operation":"full reindex(legacy)","status":"Batch table `stores_data_exporter_index_batches` created. Total Items: 1, batches: ~0","elapsed":"886 ms","pid":"550472","caller":"bin\/magento indexer:reindex"} [] []
[2024-07-17T08:13:07.776736+00:00] main.INFO: {"feed":"stores","operation":"full reindex(legacy)","status":"start processing `1` items in `1` threads with `100` batch size","elapsed":"886 ms","pid":"550472","caller":"bin\/magento indexer:reindex"} [] []
[2024-07-17T08:13:07.783931+00:00] main.INFO: {"feed":"stores","operation":"full reindex(legacy)","status":"Progress 1\/1, processed 1, synced 1","elapsed":"893 ms","pid":"550472","caller":"bin\/magento indexer:reindex"} [] []
[2024-07-17T08:13:07.785874+00:00] main.INFO: {"feed":"stores","operation":"full reindex(legacy)","status":"Complete","elapsed":"895 ms","pid":"550472","caller":"bin\/magento indexer:reindex"} [] []
[2024-07-17T08:13:07.801605+00:00] main.INFO: {"feed":"salesOrders","operation":"full reindex(legacy)","status":"Initialize","elapsed":"959 ms","pid":"550472","caller":"bin\/magento indexer:reindex"} [] []
[2024-07-17T08:13:07.818408+00:00] main.INFO: {"feed":"salesOrders","operation":"full reindex(legacy)","status":"Creating batch table `sales_data_exporter_orders_index_batches`. Start position: 0","elapsed":"975 ms","pid":"550472","caller":"bin\/magento indexer:reindex"} [] []
[2024-07-17T08:13:07.831683+00:00] main.INFO: {"feed":"salesOrders","operation":"full reindex(legacy)","status":"Batch table `sales_data_exporter_orders_index_batches` created. Total Items: 0, batches: ~0","elapsed":"989 ms","pid":"550472","caller":"bin\/magento indexer:reindex"} [] []
[2024-07-17T08:13:07.831848+00:00] main.INFO: {"feed":"salesOrders","operation":"full reindex(legacy)","status":"nothing to process - no items to sync. Not expected? Are there any items in source table `sales_order`?","elapsed":"989 ms","pid":"550472","caller":"bin\/magento indexer:reindex"} [] []
[2024-07-17T08:13:07.833194+00:00] main.INFO: {"feed":"salesOrders","operation":"full reindex(legacy)","status":"Complete","elapsed":"990 ms","pid":"550472","caller":"bin\/magento indexer:reindex"} [] []
[2024-07-17T08:13:07.843827+00:00] main.INFO: {"feed":"salesOrderStatuses","operation":"full reindex(legacy)","status":"Initialize","elapsed":"00:00:00 43 ms","pid":"550472","caller":"bin\/magento indexer:reindex"} [] []
[2024-07-17T08:13:07.859209+00:00] main.INFO: {"feed":"salesOrderStatuses","operation":"full reindex(legacy)","status":"Creating batch table `sales_data_exporter_order_statuses_index_batches`. Start position: ","elapsed":"00:00:00 58 ms","pid":"550472","caller":"bin\/magento indexer:reindex"} [] []
[2024-07-17T08:13:07.869680+00:00] main.INFO: {"feed":"salesOrderStatuses","operation":"full reindex(legacy)","status":"Batch table `sales_data_exporter_order_statuses_index_batches` created. Total Items: 12, batches: ~0","elapsed":"00:00:00 69 ms","pid":"550472","caller":"bin\/magento indexer:reindex"} [] []
[2024-07-17T08:13:07.869907+00:00] main.INFO: {"feed":"salesOrderStatuses","operation":"full reindex(legacy)","status":"start processing `12` items in `1` threads with `100` batch size","elapsed":"00:00:00 69 ms","pid":"550472","caller":"bin\/magento indexer:reindex"} [] []
[2024-07-17T08:13:07.874065+00:00] main.INFO: {"feed":"salesOrderStatuses","operation":"full reindex(legacy)","status":"Progress 1\/1, processed 12, synced 12","elapsed":"00:00:00 73 ms","pid":"550472","caller":"bin\/magento indexer:reindex"} [] []
[2024-07-17T08:13:07.875942+00:00] main.INFO: {"feed":"salesOrderStatuses","operation":"full reindex(legacy)","status":"Complete","elapsed":"00:00:00 75 ms","pid":"550472","caller":"bin\/magento indexer:reindex"} [] []
[2024-07-17T08:14:07.234096+00:00] main.INFO: {"feed":"stores","operation":"full reindex(legacy)","status":"Initialize","elapsed":"00:00:00 824 ms","pid":"550564","caller":"bin\/magento indexer:reindex"} [] []
[2024-07-17T08:14:07.251671+00:00] main.INFO: {"feed":"stores","operation":"full reindex(legacy)","status":"Creating batch table `stores_data_exporter_index_batches`. Start position: 0","elapsed":"00:00:00 841 ms","pid":"550564","caller":"bin\/magento indexer:reindex"} [] []
[2024-07-17T08:14:07.261462+00:00] main.INFO: {"feed":"stores","operation":"full reindex(legacy)","status":"Batch table `stores_data_exporter_index_batches` created. Total Items: 1, batches: ~0","elapsed":"00:00:00 851 ms","pid":"550564","caller":"bin\/magento indexer:reindex"} [] []
[2024-07-17T08:14:07.261604+00:00] main.INFO: {"feed":"stores","operation":"full reindex(legacy)","status":"start processing `1` items in `1` threads with `100` batch size","elapsed":"00:00:00 851 ms","pid":"550564","caller":"bin\/magento indexer:reindex"} [] []
[2024-07-17T08:14:07.267793+00:00] main.INFO: {"feed":"stores","operation":"full reindex(legacy)","status":"Progress 1\/1, processed 1, synced 1","elapsed":"00:00:00 857 ms","pid":"550564","caller":"bin\/magento indexer:reindex"} [] []
[2024-07-17T08:14:07.268943+00:00] main.INFO: {"feed":"stores","operation":"full reindex(legacy)","status":"Complete","elapsed":"00:00:00 858 ms","pid":"550564","caller":"bin\/magento indexer:reindex"} [] []
[2024-07-17T08:14:07.276018+00:00] main.INFO: {"feed":"salesOrders","operation":"full reindex(legacy)","status":"Initialize","elapsed":"00:00:00 907 ms","pid":"550564","caller":"bin\/magento indexer:reindex"} [] []
[2024-07-17T08:14:07.287316+00:00] main.INFO: {"feed":"salesOrders","operation":"full reindex(legacy)","status":"Creating batch table `sales_data_exporter_orders_index_batches`. Start position: 0","elapsed":"00:00:00 919 ms","pid":"550564","caller":"bin\/magento indexer:reindex"} [] []
[2024-07-17T08:14:07.294528+00:00] main.INFO: {"feed":"salesOrders","operation":"full reindex(legacy)","status":"Batch table `sales_data_exporter_orders_index_batches` created. Total Items: 0, batches: ~0","elapsed":"00:00:00 926 ms","pid":"550564","caller":"bin\/magento indexer:reindex"} [] []
[2024-07-17T08:14:07.294732+00:00] main.INFO: {"feed":"salesOrders","operation":"full reindex(legacy)","status":"nothing to process - no items to sync. Not expected? Are there any items in source table `sales_order`?","elapsed":"00:00:00 926 ms","pid":"550564","caller":"bin\/magento indexer:reindex"} [] []
[2024-07-17T08:14:07.295980+00:00] main.INFO: {"feed":"salesOrders","operation":"full reindex(legacy)","status":"Complete","elapsed":"00:00:00 927 ms","pid":"550564","caller":"bin\/magento indexer:reindex"} [] []
[2024-07-17T08:14:07.307454+00:00] main.INFO: {"feed":"salesOrderStatuses","operation":"full reindex(legacy)","status":"Initialize","elapsed":"00:00:00 970 ms","pid":"550564","caller":"bin\/magento indexer:reindex"} [] []
[2024-07-17T08:14:07.319739+00:00] main.INFO: {"feed":"salesOrderStatuses","operation":"full reindex(legacy)","status":"Creating batch table `sales_data_exporter_order_statuses_index_batches`. Start position: ","elapsed":"00:00:00 983 ms","pid":"550564","caller":"bin\/magento indexer:reindex"} [] []
[2024-07-17T08:14:07.329148+00:00] main.INFO: {"feed":"salesOrderStatuses","operation":"full reindex(legacy)","status":"Batch table `sales_data_exporter_order_statuses_index_batches` created. Total Items: 12, batches: ~0","elapsed":"00:00:01 992 ms","pid":"550564","caller":"bin\/magento indexer:reindex"} [] []
[2024-07-17T08:14:07.329316+00:00] main.INFO: {"feed":"salesOrderStatuses","operation":"full reindex(legacy)","status":"start processing `12` items in `1` threads with `100` batch size","elapsed":"00:00:01 992 ms","pid":"550564","caller":"bin\/magento indexer:reindex"} [] []
[2024-07-17T08:14:07.332412+00:00] main.INFO: {"feed":"salesOrderStatuses","operation":"full reindex(legacy)","status":"Progress 1\/1, processed 12, synced 12","elapsed":"00:00:01 995 ms","pid":"550564","caller":"bin\/magento indexer:reindex"} [] []
[2024-07-17T08:14:07.333546+00:00] main.INFO: {"feed":"salesOrderStatuses","operation":"full reindex(legacy)","status":"Complete","elapsed":"00:00:01 996 ms","pid":"550564","caller":"bin\/magento indexer:reindex"} [] []
[2024-07-17T10:50:54.201089+00:00] main.INFO: {"feed":"stores","operation":"full reindex(legacy)","status":"Initialize","elapsed":"00:00:00 757 ms","pid":"561439","caller":"bin\/magento indexer:reindex"} [] []
[2024-07-17T10:50:54.223144+00:00] main.INFO: {"feed":"stores","operation":"full reindex(legacy)","status":"Creating batch table `stores_data_exporter_index_batches`. Start position: 0","elapsed":"00:00:00 779 ms","pid":"561439","caller":"bin\/magento indexer:reindex"} [] []
[2024-07-17T10:50:54.233529+00:00] main.INFO: {"feed":"stores","operation":"full reindex(legacy)","status":"Batch table `stores_data_exporter_index_batches` created. Total Items: 1, batches: ~0","elapsed":"00:00:00 790 ms","pid":"561439","caller":"bin\/magento indexer:reindex"} [] []
[2024-07-17T10:50:54.233828+00:00] main.INFO: {"feed":"stores","operation":"full reindex(legacy)","status":"start processing `1` items in `1` threads with `100` batch size","elapsed":"00:00:00 790 ms","pid":"561439","caller":"bin\/magento indexer:reindex"} [] []
[2024-07-17T10:50:54.254230+00:00] main.INFO: {"feed":"stores","operation":"full reindex(legacy)","status":"Progress 1\/1, processed 1, synced 1","elapsed":"00:00:00 811 ms","pid":"561439","caller":"bin\/magento indexer:reindex"} [] []
[2024-07-17T10:50:54.255743+00:00] main.INFO: {"feed":"stores","operation":"full reindex(legacy)","status":"Complete","elapsed":"00:00:00 812 ms","pid":"561439","caller":"bin\/magento indexer:reindex"} [] []
[2024-07-17T10:50:54.265490+00:00] main.INFO: {"feed":"salesOrders","operation":"full reindex(legacy)","status":"Initialize","elapsed":"00:00:00 886 ms","pid":"561439","caller":"bin\/magento indexer:reindex"} [] []
[2024-07-17T10:50:54.278945+00:00] main.INFO: {"feed":"salesOrders","operation":"full reindex(legacy)","status":"Creating batch table `sales_data_exporter_orders_index_batches`. Start position: 0","elapsed":"00:00:00 900 ms","pid":"561439","caller":"bin\/magento indexer:reindex"} [] []
[2024-07-17T10:50:54.286205+00:00] main.INFO: {"feed":"salesOrders","operation":"full reindex(legacy)","status":"Batch table `sales_data_exporter_orders_index_batches` created. Total Items: 0, batches: ~0","elapsed":"00:00:00 907 ms","pid":"561439","caller":"bin\/magento indexer:reindex"} [] []
[2024-07-17T10:50:54.286354+00:00] main.INFO: {"feed":"salesOrders","operation":"full reindex(legacy)","status":"nothing to process - no items to sync. Not expected? Are there any items in source table `sales_order`?","elapsed":"00:00:00 907 ms","pid":"561439","caller":"bin\/magento indexer:reindex"} [] []
[2024-07-17T10:50:54.286931+00:00] main.INFO: {"feed":"salesOrders","operation":"full reindex(legacy)","status":"Complete","elapsed":"00:00:00 908 ms","pid":"561439","caller":"bin\/magento indexer:reindex"} [] []
[2024-07-17T10:50:54.296859+00:00] main.INFO: {"feed":"salesOrderStatuses","operation":"full reindex(legacy)","status":"Initialize","elapsed":"00:00:00 949 ms","pid":"561439","caller":"bin\/magento indexer:reindex"} [] []
[2024-07-17T10:50:54.312874+00:00] main.INFO: {"feed":"salesOrderStatuses","operation":"full reindex(legacy)","status":"Creating batch table `sales_data_exporter_order_statuses_index_batches`. Start position: ","elapsed":"00:00:00 965 ms","pid":"561439","caller":"bin\/magento indexer:reindex"} [] []
[2024-07-17T10:50:54.324336+00:00] main.INFO: {"feed":"salesOrderStatuses","operation":"full reindex(legacy)","status":"Batch table `sales_data_exporter_order_statuses_index_batches` created. Total Items: 12, batches: ~0","elapsed":"00:00:01 977 ms","pid":"561439","caller":"bin\/magento indexer:reindex"} [] []
[2024-07-17T10:50:54.324524+00:00] main.INFO: {"feed":"salesOrderStatuses","operation":"full reindex(legacy)","status":"start processing `12` items in `1` threads with `100` batch size","elapsed":"00:00:01 977 ms","pid":"561439","caller":"bin\/magento indexer:reindex"} [] []
[2024-07-17T10:50:54.329963+00:00] main.INFO: {"feed":"salesOrderStatuses","operation":"full reindex(legacy)","status":"Progress 1\/1, processed 12, synced 12","elapsed":"00:00:01 982 ms","pid":"561439","caller":"bin\/magento indexer:reindex"} [] []
[2024-07-17T10:50:54.331189+00:00] main.INFO: {"feed":"salesOrderStatuses","operation":"full reindex(legacy)","status":"Complete","elapsed":"00:00:01 983 ms","pid":"561439","caller":"bin\/magento indexer:reindex"} [] []
[2024-07-20T16:44:16.670409+00:00] main.INFO: {"feed":"stores","operation":"full reindex(legacy)","status":"Initialize","elapsed":"711 ms","pid":"236545","caller":"bin\/magento indexer:reindex"} [] []
[2024-07-20T16:44:16.686509+00:00] main.INFO: {"feed":"stores","operation":"full reindex(legacy)","status":"Creating batch table `stores_data_exporter_index_batches`. Start position: 0","elapsed":"727 ms","pid":"236545","caller":"bin\/magento indexer:reindex"} [] []
[2024-07-20T16:44:16.694439+00:00] main.INFO: {"feed":"stores","operation":"full reindex(legacy)","status":"Batch table `stores_data_exporter_index_batches` created. Total Items: 1, batches: ~0","elapsed":"735 ms","pid":"236545","caller":"bin\/magento indexer:reindex"} [] []
[2024-07-20T16:44:16.694596+00:00] main.INFO: {"feed":"stores","operation":"full reindex(legacy)","status":"start processing `1` items in `1` threads with `100` batch size","elapsed":"735 ms","pid":"236545","caller":"bin\/magento indexer:reindex"} [] []
[2024-07-20T16:44:16.713489+00:00] main.INFO: {"feed":"stores","operation":"full reindex(legacy)","status":"Progress 1\/1, processed 1, synced 1","elapsed":"754 ms","pid":"236545","caller":"bin\/magento indexer:reindex"} [] []
[2024-07-20T16:44:16.715227+00:00] main.INFO: {"feed":"stores","operation":"full reindex(legacy)","status":"Complete","elapsed":"756 ms","pid":"236545","caller":"bin\/magento indexer:reindex"} [] []
[2024-07-20T16:44:16.725210+00:00] main.INFO: {"feed":"salesOrders","operation":"full reindex(legacy)","status":"Initialize","elapsed":"821 ms","pid":"236545","caller":"bin\/magento indexer:reindex"} [] []
[2024-07-20T16:44:16.737223+00:00] main.INFO: {"feed":"salesOrders","operation":"full reindex(legacy)","status":"Creating batch table `sales_data_exporter_orders_index_batches`. Start position: 0","elapsed":"833 ms","pid":"236545","caller":"bin\/magento indexer:reindex"} [] []
[2024-07-20T16:44:16.743236+00:00] main.INFO: {"feed":"salesOrders","operation":"full reindex(legacy)","status":"Batch table `sales_data_exporter_orders_index_batches` created. Total Items: 0, batches: ~0","elapsed":"839 ms","pid":"236545","caller":"bin\/magento indexer:reindex"} [] []
[2024-07-20T16:44:16.743343+00:00] main.INFO: {"feed":"salesOrders","operation":"full reindex(legacy)","status":"nothing to process - no items to sync. Not expected? Are there any items in source table `sales_order`?","elapsed":"839 ms","pid":"236545","caller":"bin\/magento indexer:reindex"} [] []
[2024-07-20T16:44:16.743833+00:00] main.INFO: {"feed":"salesOrders","operation":"full reindex(legacy)","status":"Complete","elapsed":"839 ms","pid":"236545","caller":"bin\/magento indexer:reindex"} [] []
[2024-07-20T16:44:16.751593+00:00] main.INFO: {"feed":"salesOrderStatuses","operation":"full reindex(legacy)","status":"Initialize","elapsed":"874 ms","pid":"236545","caller":"bin\/magento indexer:reindex"} [] []
[2024-07-20T16:44:16.762159+00:00] main.INFO: {"feed":"salesOrderStatuses","operation":"full reindex(legacy)","status":"Creating batch table `sales_data_exporter_order_statuses_index_batches`. Start position: ","elapsed":"884 ms","pid":"236545","caller":"bin\/magento indexer:reindex"} [] []
[2024-07-20T16:44:16.770716+00:00] main.INFO: {"feed":"salesOrderStatuses","operation":"full reindex(legacy)","status":"Batch table `sales_data_exporter_order_statuses_index_batches` created. Total Items: 12, batches: ~0","elapsed":"893 ms","pid":"236545","caller":"bin\/magento indexer:reindex"} [] []
[2024-07-20T16:44:16.770915+00:00] main.INFO: {"feed":"salesOrderStatuses","operation":"full reindex(legacy)","status":"start processing `12` items in `1` threads with `100` batch size","elapsed":"893 ms","pid":"236545","caller":"bin\/magento indexer:reindex"} [] []
[2024-07-20T16:44:16.775155+00:00] main.INFO: {"feed":"salesOrderStatuses","operation":"full reindex(legacy)","status":"Progress 1\/1, processed 12, synced 12","elapsed":"897 ms","pid":"236545","caller":"bin\/magento indexer:reindex"} [] []
[2024-07-20T16:44:16.775939+00:00] main.INFO: {"feed":"salesOrderStatuses","operation":"full reindex(legacy)","status":"Complete","elapsed":"898 ms","pid":"236545","caller":"bin\/magento indexer:reindex"} [] []
[2024-07-20T17:51:20.396455+00:00] main.INFO: {"feed":"stores","operation":"full reindex(legacy)","status":"Initialize","elapsed":"163 ms","pid":"241469","caller":"bin\/magento indexer:reindex"} [] []
[2024-07-20T17:51:20.418120+00:00] main.INFO: {"feed":"stores","operation":"full reindex(legacy)","status":"Creating batch table `stores_data_exporter_index_batches`. Start position: 0","elapsed":"185 ms","pid":"241469","caller":"bin\/magento indexer:reindex"} [] []
[2024-07-20T17:51:20.424979+00:00] main.INFO: {"feed":"stores","operation":"full reindex(legacy)","status":"Batch table `stores_data_exporter_index_batches` created. Total Items: 1, batches: ~0","elapsed":"192 ms","pid":"241469","caller":"bin\/magento indexer:reindex"} [] []
[2024-07-20T17:51:20.425103+00:00] main.INFO: {"feed":"stores","operation":"full reindex(legacy)","status":"start processing `1` items in `1` threads with `100` batch size","elapsed":"192 ms","pid":"241469","caller":"bin\/magento indexer:reindex"} [] []
[2024-07-20T17:51:20.439873+00:00] main.INFO: {"feed":"stores","operation":"full reindex(legacy)","status":"Progress 1\/1, processed 1, synced 1","elapsed":"207 ms","pid":"241469","caller":"bin\/magento indexer:reindex"} [] []
[2024-07-20T17:51:20.441113+00:00] main.INFO: {"feed":"stores","operation":"full reindex(legacy)","status":"Complete","elapsed":"208 ms","pid":"241469","caller":"bin\/magento indexer:reindex"} [] []
[2024-07-20T17:51:20.449401+00:00] main.INFO: {"feed":"salesOrders","operation":"full reindex(legacy)","status":"Initialize","elapsed":"269 ms","pid":"241469","caller":"bin\/magento indexer:reindex"} [] []
[2024-07-20T17:51:20.463302+00:00] main.INFO: {"feed":"salesOrders","operation":"full reindex(legacy)","status":"Creating batch table `sales_data_exporter_orders_index_batches`. Start position: 0","elapsed":"283 ms","pid":"241469","caller":"bin\/magento indexer:reindex"} [] []
[2024-07-20T17:51:20.472455+00:00] main.INFO: {"feed":"salesOrders","operation":"full reindex(legacy)","status":"Batch table `sales_data_exporter_orders_index_batches` created. Total Items: 0, batches: ~0","elapsed":"292 ms","pid":"241469","caller":"bin\/magento indexer:reindex"} [] []
[2024-07-20T17:51:20.472605+00:00] main.INFO: {"feed":"salesOrders","operation":"full reindex(legacy)","status":"nothing to process - no items to sync. Not expected? Are there any items in source table `sales_order`?","elapsed":"292 ms","pid":"241469","caller":"bin\/magento indexer:reindex"} [] []
[2024-07-20T17:51:20.473356+00:00] main.INFO: {"feed":"salesOrders","operation":"full reindex(legacy)","status":"Complete","elapsed":"293 ms","pid":"241469","caller":"bin\/magento indexer:reindex"} [] []
[2024-07-20T17:51:20.482359+00:00] main.INFO: {"feed":"salesOrderStatuses","operation":"full reindex(legacy)","status":"Initialize","elapsed":"335 ms","pid":"241469","caller":"bin\/magento indexer:reindex"} [] []
[2024-07-20T17:51:20.493280+00:00] main.INFO: {"feed":"salesOrderStatuses","operation":"full reindex(legacy)","status":"Creating batch table `sales_data_exporter_order_statuses_index_batches`. Start position: ","elapsed":"346 ms","pid":"241469","caller":"bin\/magento indexer:reindex"} [] []
[2024-07-20T17:51:20.500111+00:00] main.INFO: {"feed":"salesOrderStatuses","operation":"full reindex(legacy)","status":"Batch table `sales_data_exporter_order_statuses_index_batches` created. Total Items: 12, batches: ~0","elapsed":"353 ms","pid":"241469","caller":"bin\/magento indexer:reindex"} [] []
[2024-07-20T17:51:20.500239+00:00] main.INFO: {"feed":"salesOrderStatuses","operation":"full reindex(legacy)","status":"start processing `12` items in `1` threads with `100` batch size","elapsed":"353 ms","pid":"241469","caller":"bin\/magento indexer:reindex"} [] []
[2024-07-20T17:51:20.504064+00:00] main.INFO: {"feed":"salesOrderStatuses","operation":"full reindex(legacy)","status":"Progress 1\/1, processed 12, synced 12","elapsed":"357 ms","pid":"241469","caller":"bin\/magento indexer:reindex"} [] []
[2024-07-20T17:51:20.504931+00:00] main.INFO: {"feed":"salesOrderStatuses","operation":"full reindex(legacy)","status":"Complete","elapsed":"358 ms","pid":"241469","caller":"bin\/magento indexer:reindex"} [] []
[2024-07-20T17:58:06.759533+00:00] main.INFO: {"feed":"stores","operation":"full reindex(legacy)","status":"Initialize","elapsed":"889 ms","pid":"241848","caller":"bin\/magento indexer:reindex"} [] []
[2024-07-20T17:58:06.777014+00:00] main.INFO: {"feed":"stores","operation":"full reindex(legacy)","status":"Creating batch table `stores_data_exporter_index_batches`. Start position: 0","elapsed":"907 ms","pid":"241848","caller":"bin\/magento indexer:reindex"} [] []
[2024-07-20T17:58:06.785015+00:00] main.INFO: {"feed":"stores","operation":"full reindex(legacy)","status":"Batch table `stores_data_exporter_index_batches` created. Total Items: 1, batches: ~0","elapsed":"915 ms","pid":"241848","caller":"bin\/magento indexer:reindex"} [] []
[2024-07-20T17:58:06.785172+00:00] main.INFO: {"feed":"stores","operation":"full reindex(legacy)","status":"start processing `1` items in `1` threads with `100` batch size","elapsed":"915 ms","pid":"241848","caller":"bin\/magento indexer:reindex"} [] []
[2024-07-20T17:58:06.799620+00:00] main.INFO: {"feed":"stores","operation":"full reindex(legacy)","status":"Progress 1\/1, processed 1, synced 1","elapsed":"929 ms","pid":"241848","caller":"bin\/magento indexer:reindex"} [] []
[2024-07-20T17:58:06.801140+00:00] main.INFO: {"feed":"stores","operation":"full reindex(legacy)","status":"Complete","elapsed":"931 ms","pid":"241848","caller":"bin\/magento indexer:reindex"} [] []
[2024-07-20T17:58:06.809643+00:00] main.INFO: {"feed":"salesOrders","operation":"full reindex(legacy)","status":"Initialize","elapsed":"990 ms","pid":"241848","caller":"bin\/magento indexer:reindex"} [] []
[2024-07-20T17:58:06.822415+00:00] main.INFO: {"feed":"salesOrders","operation":"full reindex(legacy)","status":"Creating batch table `sales_data_exporter_orders_index_batches`. Start position: 0","elapsed":"00:00:00 2 ms","pid":"241848","caller":"bin\/magento indexer:reindex"} [] []
[2024-07-20T17:58:06.832919+00:00] main.INFO: {"feed":"salesOrders","operation":"full reindex(legacy)","status":"Batch table `sales_data_exporter_orders_index_batches` created. Total Items: 0, batches: ~0","elapsed":"00:00:00 13 ms","pid":"241848","caller":"bin\/magento indexer:reindex"} [] []
[2024-07-20T17:58:06.833105+00:00] main.INFO: {"feed":"salesOrders","operation":"full reindex(legacy)","status":"nothing to process - no items to sync. Not expected? Are there any items in source table `sales_order`?","elapsed":"00:00:00 13 ms","pid":"241848","caller":"bin\/magento indexer:reindex"} [] []
[2024-07-20T17:58:06.834293+00:00] main.INFO: {"feed":"salesOrders","operation":"full reindex(legacy)","status":"Complete","elapsed":"00:00:00 14 ms","pid":"241848","caller":"bin\/magento indexer:reindex"} [] []
[2024-07-20T17:58:06.843314+00:00] main.INFO: {"feed":"salesOrderStatuses","operation":"full reindex(legacy)","status":"Initialize","elapsed":"00:00:00 57 ms","pid":"241848","caller":"bin\/magento indexer:reindex"} [] []
[2024-07-20T17:58:06.853233+00:00] main.INFO: {"feed":"salesOrderStatuses","operation":"full reindex(legacy)","status":"Creating batch table `sales_data_exporter_order_statuses_index_batches`. Start position: ","elapsed":"00:00:00 67 ms","pid":"241848","caller":"bin\/magento indexer:reindex"} [] []
[2024-07-20T17:58:06.858639+00:00] main.INFO: {"feed":"salesOrderStatuses","operation":"full reindex(legacy)","status":"Batch table `sales_data_exporter_order_statuses_index_batches` created. Total Items: 12, batches: ~0","elapsed":"00:00:00 72 ms","pid":"241848","caller":"bin\/magento indexer:reindex"} [] []
[2024-07-20T17:58:06.858759+00:00] main.INFO: {"feed":"salesOrderStatuses","operation":"full reindex(legacy)","status":"start processing `12` items in `1` threads with `100` batch size","elapsed":"00:00:00 72 ms","pid":"241848","caller":"bin\/magento indexer:reindex"} [] []
[2024-07-20T17:58:06.862602+00:00] main.INFO: {"feed":"salesOrderStatuses","operation":"full reindex(legacy)","status":"Progress 1\/1, processed 12, synced 12","elapsed":"00:00:00 76 ms","pid":"241848","caller":"bin\/magento indexer:reindex"} [] []
[2024-07-20T17:58:06.863499+00:00] main.INFO: {"feed":"salesOrderStatuses","operation":"full reindex(legacy)","status":"Complete","elapsed":"00:00:00 77 ms","pid":"241848","caller":"bin\/magento indexer:reindex"} [] []
[2024-07-20T18:00:00.970194+00:00] main.INFO: {"feed":"stores","operation":"full reindex(legacy)","status":"Initialize","elapsed":"00:00:00 311 ms","pid":"241988","caller":"bin\/magento indexer:reindex"} [] []
[2024-07-20T18:00:00.988146+00:00] main.INFO: {"feed":"stores","operation":"full reindex(legacy)","status":"Creating batch table `stores_data_exporter_index_batches`. Start position: 0","elapsed":"00:00:00 329 ms","pid":"241988","caller":"bin\/magento indexer:reindex"} [] []
[2024-07-20T18:00:00.997428+00:00] main.INFO: {"feed":"stores","operation":"full reindex(legacy)","status":"Batch table `stores_data_exporter_index_batches` created. Total Items: 1, batches: ~0","elapsed":"00:00:00 338 ms","pid":"241988","caller":"bin\/magento indexer:reindex"} [] []
[2024-07-20T18:00:00.997636+00:00] main.INFO: {"feed":"stores","operation":"full reindex(legacy)","status":"start processing `1` items in `1` threads with `100` batch size","elapsed":"00:00:00 338 ms","pid":"241988","caller":"bin\/magento indexer:reindex"} [] []
[2024-07-20T18:00:01.011462+00:00] main.INFO: {"feed":"stores","operation":"full reindex(legacy)","status":"Progress 1\/1, processed 1, synced 1","elapsed":"00:00:00 352 ms","pid":"241988","caller":"bin\/magento indexer:reindex"} [] []
[2024-07-20T18:00:01.012436+00:00] main.INFO: {"feed":"stores","operation":"full reindex(legacy)","status":"Complete","elapsed":"00:00:00 353 ms","pid":"241988","caller":"bin\/magento indexer:reindex"} [] []
[2024-07-20T18:00:01.021402+00:00] main.INFO: {"feed":"salesOrders","operation":"full reindex(legacy)","status":"Initialize","elapsed":"00:00:00 413 ms","pid":"241988","caller":"bin\/magento indexer:reindex"} [] []
[2024-07-20T18:00:01.036534+00:00] main.INFO: {"feed":"salesOrders","operation":"full reindex(legacy)","status":"Creating batch table `sales_data_exporter_orders_index_batches`. Start position: 0","elapsed":"00:00:00 428 ms","pid":"241988","caller":"bin\/magento indexer:reindex"} [] []
[2024-07-20T18:00:01.042570+00:00] main.INFO: {"feed":"salesOrders","operation":"full reindex(legacy)","status":"Batch table `sales_data_exporter_orders_index_batches` created. Total Items: 0, batches: ~0","elapsed":"00:00:00 434 ms","pid":"241988","caller":"bin\/magento indexer:reindex"} [] []
[2024-07-20T18:00:01.042672+00:00] main.INFO: {"feed":"salesOrders","operation":"full reindex(legacy)","status":"nothing to process - no items to sync. Not expected? Are there any items in source table `sales_order`?","elapsed":"00:00:00 434 ms","pid":"241988","caller":"bin\/magento indexer:reindex"} [] []
[2024-07-20T18:00:01.043486+00:00] main.INFO: {"feed":"salesOrders","operation":"full reindex(legacy)","status":"Complete","elapsed":"00:00:00 435 ms","pid":"241988","caller":"bin\/magento indexer:reindex"} [] []
[2024-07-20T18:00:01.050421+00:00] main.INFO: {"feed":"salesOrderStatuses","operation":"full reindex(legacy)","status":"Initialize","elapsed":"00:00:00 471 ms","pid":"241988","caller":"bin\/magento indexer:reindex"} [] []
[2024-07-20T18:00:01.062926+00:00] main.INFO: {"feed":"salesOrderStatuses","operation":"full reindex(legacy)","status":"Creating batch table `sales_data_exporter_order_statuses_index_batches`. Start position: ","elapsed":"00:00:00 484 ms","pid":"241988","caller":"bin\/magento indexer:reindex"} [] []
[2024-07-20T18:00:01.074090+00:00] main.INFO: {"feed":"salesOrderStatuses","operation":"full reindex(legacy)","status":"Batch table `sales_data_exporter_order_statuses_index_batches` created. Total Items: 12, batches: ~0","elapsed":"00:00:00 495 ms","pid":"241988","caller":"bin\/magento indexer:reindex"} [] []
[2024-07-20T18:00:01.074218+00:00] main.INFO: {"feed":"salesOrderStatuses","operation":"full reindex(legacy)","status":"start processing `12` items in `1` threads with `100` batch size","elapsed":"00:00:00 495 ms","pid":"241988","caller":"bin\/magento indexer:reindex"} [] []
[2024-07-20T18:00:01.078887+00:00] main.INFO: {"feed":"salesOrderStatuses","operation":"full reindex(legacy)","status":"Progress 1\/1, processed 12, synced 12","elapsed":"00:00:00 500 ms","pid":"241988","caller":"bin\/magento indexer:reindex"} [] []
[2024-07-20T18:00:01.080404+00:00] main.INFO: {"feed":"salesOrderStatuses","operation":"full reindex(legacy)","status":"Complete","elapsed":"00:00:00 501 ms","pid":"241988","caller":"bin\/magento indexer:reindex"} [] []
[2024-07-20T18:04:59.819789+00:00] main.INFO: {"feed":"stores","operation":"full reindex(legacy)","status":"Initialize","elapsed":"00:00:00 10 ms","pid":"242296","caller":"bin\/magento indexer:reindex"} [] []
[2024-07-20T18:04:59.837268+00:00] main.INFO: {"feed":"stores","operation":"full reindex(legacy)","status":"Creating batch table `stores_data_exporter_index_batches`. Start position: 0","elapsed":"00:00:00 27 ms","pid":"242296","caller":"bin\/magento indexer:reindex"} [] []
[2024-07-20T18:04:59.843813+00:00] main.INFO: {"feed":"stores","operation":"full reindex(legacy)","status":"Batch table `stores_data_exporter_index_batches` created. Total Items: 1, batches: ~0","elapsed":"00:00:00 34 ms","pid":"242296","caller":"bin\/magento indexer:reindex"} [] []
[2024-07-20T18:04:59.843928+00:00] main.INFO: {"feed":"stores","operation":"full reindex(legacy)","status":"start processing `1` items in `1` threads with `100` batch size","elapsed":"00:00:00 34 ms","pid":"242296","caller":"bin\/magento indexer:reindex"} [] []
[2024-07-20T18:04:59.856629+00:00] main.INFO: {"feed":"stores","operation":"full reindex(legacy)","status":"Progress 1\/1, processed 1, synced 1","elapsed":"00:00:00 47 ms","pid":"242296","caller":"bin\/magento indexer:reindex"} [] []
[2024-07-20T18:04:59.857561+00:00] main.INFO: {"feed":"stores","operation":"full reindex(legacy)","status":"Complete","elapsed":"00:00:00 48 ms","pid":"242296","caller":"bin\/magento indexer:reindex"} [] []
[2024-07-20T18:04:59.865126+00:00] main.INFO: {"feed":"salesOrders","operation":"full reindex(legacy)","status":"Initialize","elapsed":"00:00:00 101 ms","pid":"242296","caller":"bin\/magento indexer:reindex"} [] []
[2024-07-20T18:04:59.880206+00:00] main.INFO: {"feed":"salesOrders","operation":"full reindex(legacy)","status":"Creating batch table `sales_data_exporter_orders_index_batches`. Start position: 0","elapsed":"00:00:00 116 ms","pid":"242296","caller":"bin\/magento indexer:reindex"} [] []
[2024-07-20T18:04:59.886019+00:00] main.INFO: {"feed":"salesOrders","operation":"full reindex(legacy)","status":"Batch table `sales_data_exporter_orders_index_batches` created. Total Items: 0, batches: ~0","elapsed":"00:00:00 121 ms","pid":"242296","caller":"bin\/magento indexer:reindex"} [] []
[2024-07-20T18:04:59.886131+00:00] main.INFO: {"feed":"salesOrders","operation":"full reindex(legacy)","status":"nothing to process - no items to sync. Not expected? Are there any items in source table `sales_order`?","elapsed":"00:00:00 122 ms","pid":"242296","caller":"bin\/magento indexer:reindex"} [] []
[2024-07-20T18:04:59.886728+00:00] main.INFO: {"feed":"salesOrders","operation":"full reindex(legacy)","status":"Complete","elapsed":"00:00:00 122 ms","pid":"242296","caller":"bin\/magento indexer:reindex"} [] []
[2024-07-20T18:04:59.893952+00:00] main.INFO: {"feed":"salesOrderStatuses","operation":"full reindex(legacy)","status":"Initialize","elapsed":"00:00:00 158 ms","pid":"242296","caller":"bin\/magento indexer:reindex"} [] []
[2024-07-20T18:04:59.905696+00:00] main.INFO: {"feed":"salesOrderStatuses","operation":"full reindex(legacy)","status":"Creating batch table `sales_data_exporter_order_statuses_index_batches`. Start position: ","elapsed":"00:00:00 170 ms","pid":"242296","caller":"bin\/magento indexer:reindex"} [] []
[2024-07-20T18:04:59.911273+00:00] main.INFO: {"feed":"salesOrderStatuses","operation":"full reindex(legacy)","status":"Batch table `sales_data_exporter_order_statuses_index_batches` created. Total Items: 12, batches: ~0","elapsed":"00:00:00 176 ms","pid":"242296","caller":"bin\/magento indexer:reindex"} [] []
[2024-07-20T18:04:59.911414+00:00] main.INFO: {"feed":"salesOrderStatuses","operation":"full reindex(legacy)","status":"start processing `12` items in `1` threads with `100` batch size","elapsed":"00:00:00 176 ms","pid":"242296","caller":"bin\/magento indexer:reindex"} [] []
[2024-07-20T18:04:59.915168+00:00] main.INFO: {"feed":"salesOrderStatuses","operation":"full reindex(legacy)","status":"Progress 1\/1, processed 12, synced 12","elapsed":"00:00:00 179 ms","pid":"242296","caller":"bin\/magento indexer:reindex"} [] []
[2024-07-20T18:04:59.916249+00:00] main.INFO: {"feed":"salesOrderStatuses","operation":"full reindex(legacy)","status":"Complete","elapsed":"00:00:00 181 ms","pid":"242296","caller":"bin\/magento indexer:reindex"} [] []
[2024-07-21T04:25:28.580336+00:00] main.INFO: {"feed":"stores","operation":"full reindex(legacy)","status":"Initialize","elapsed":"531 ms","pid":"280994","caller":"bin\/magento indexer:reindex"} [] []
[2024-07-21T04:25:28.594339+00:00] main.INFO: {"feed":"stores","operation":"full reindex(legacy)","status":"Creating batch table `stores_data_exporter_index_batches`. Start position: 0","elapsed":"545 ms","pid":"280994","caller":"bin\/magento indexer:reindex"} [] []
[2024-07-21T04:25:28.600571+00:00] main.INFO: {"feed":"stores","operation":"full reindex(legacy)","status":"Batch table `stores_data_exporter_index_batches` created. Total Items: 1, batches: ~0","elapsed":"551 ms","pid":"280994","caller":"bin\/magento indexer:reindex"} [] []
[2024-07-21T04:25:28.600707+00:00] main.INFO: {"feed":"stores","operation":"full reindex(legacy)","status":"start processing `1` items in `1` threads with `100` batch size","elapsed":"551 ms","pid":"280994","caller":"bin\/magento indexer:reindex"} [] []
[2024-07-21T04:25:28.614933+00:00] main.INFO: {"feed":"stores","operation":"full reindex(legacy)","status":"Progress 1\/1, processed 1, synced 1","elapsed":"565 ms","pid":"280994","caller":"bin\/magento indexer:reindex"} [] []
[2024-07-21T04:25:28.616295+00:00] main.INFO: {"feed":"stores","operation":"full reindex(legacy)","status":"Complete","elapsed":"567 ms","pid":"280994","caller":"bin\/magento indexer:reindex"} [] []
[2024-07-21T04:25:28.625010+00:00] main.INFO: {"feed":"salesOrders","operation":"full reindex(legacy)","status":"Initialize","elapsed":"620 ms","pid":"280994","caller":"bin\/magento indexer:reindex"} [] []
[2024-07-21T04:25:28.639705+00:00] main.INFO: {"feed":"salesOrders","operation":"full reindex(legacy)","status":"Creating batch table `sales_data_exporter_orders_index_batches`. Start position: 0","elapsed":"635 ms","pid":"280994","caller":"bin\/magento indexer:reindex"} [] []
[2024-07-21T04:25:28.645401+00:00] main.INFO: {"feed":"salesOrders","operation":"full reindex(legacy)","status":"Batch table `sales_data_exporter_orders_index_batches` created. Total Items: 0, batches: ~0","elapsed":"641 ms","pid":"280994","caller":"bin\/magento indexer:reindex"} [] []
[2024-07-21T04:25:28.645522+00:00] main.INFO: {"feed":"salesOrders","operation":"full reindex(legacy)","status":"nothing to process - no items to sync. Not expected? Are there any items in source table `sales_order`?","elapsed":"641 ms","pid":"280994","caller":"bin\/magento indexer:reindex"} [] []
[2024-07-21T04:25:28.646078+00:00] main.INFO: {"feed":"salesOrders","operation":"full reindex(legacy)","status":"Complete","elapsed":"641 ms","pid":"280994","caller":"bin\/magento indexer:reindex"} [] []
[2024-07-21T04:25:28.653241+00:00] main.INFO: {"feed":"salesOrderStatuses","operation":"full reindex(legacy)","status":"Initialize","elapsed":"677 ms","pid":"280994","caller":"bin\/magento indexer:reindex"} [] []
[2024-07-21T04:25:28.663043+00:00] main.INFO: {"feed":"salesOrderStatuses","operation":"full reindex(legacy)","status":"Creating batch table `sales_data_exporter_order_statuses_index_batches`. Start position: ","elapsed":"687 ms","pid":"280994","caller":"bin\/magento indexer:reindex"} [] []
[2024-07-21T04:25:28.670881+00:00] main.INFO: {"feed":"salesOrderStatuses","operation":"full reindex(legacy)","status":"Batch table `sales_data_exporter_order_statuses_index_batches` created. Total Items: 12, batches: ~0","elapsed":"694 ms","pid":"280994","caller":"bin\/magento indexer:reindex"} [] []
[2024-07-21T04:25:28.671024+00:00] main.INFO: {"feed":"salesOrderStatuses","operation":"full reindex(legacy)","status":"start processing `12` items in `1` threads with `100` batch size","elapsed":"695 ms","pid":"280994","caller":"bin\/magento indexer:reindex"} [] []
[2024-07-21T04:25:28.675941+00:00] main.INFO: {"feed":"salesOrderStatuses","operation":"full reindex(legacy)","status":"Progress 1\/1, processed 12, synced 12","elapsed":"700 ms","pid":"280994","caller":"bin\/magento indexer:reindex"} [] []
[2024-07-21T04:25:28.676993+00:00] main.INFO: {"feed":"salesOrderStatuses","operation":"full reindex(legacy)","status":"Complete","elapsed":"701 ms","pid":"280994","caller":"bin\/magento indexer:reindex"} [] []
[2024-07-21T08:08:36.692311+00:00] main.INFO: {"feed":"stores","operation":"full reindex(legacy)","status":"Initialize","elapsed":"755 ms","pid":"295920","caller":"bin\/magento indexer:reindex"} [] []
[2024-07-21T08:08:36.713215+00:00] main.INFO: {"feed":"stores","operation":"full reindex(legacy)","status":"Creating batch table `stores_data_exporter_index_batches`. Start position: 0","elapsed":"776 ms","pid":"295920","caller":"bin\/magento indexer:reindex"} [] []
[2024-07-21T08:08:36.720045+00:00] main.INFO: {"feed":"stores","operation":"full reindex(legacy)","status":"Batch table `stores_data_exporter_index_batches` created. Total Items: 1, batches: ~0","elapsed":"783 ms","pid":"295920","caller":"bin\/magento indexer:reindex"} [] []
[2024-07-21T08:08:36.720185+00:00] main.INFO: {"feed":"stores","operation":"full reindex(legacy)","status":"start processing `1` items in `1` threads with `100` batch size","elapsed":"783 ms","pid":"295920","caller":"bin\/magento indexer:reindex"} [] []
[2024-07-21T08:08:36.733402+00:00] main.INFO: {"feed":"stores","operation":"full reindex(legacy)","status":"Progress 1\/1, processed 1, synced 1","elapsed":"796 ms","pid":"295920","caller":"bin\/magento indexer:reindex"} [] []
[2024-07-21T08:08:36.734333+00:00] main.INFO: {"feed":"stores","operation":"full reindex(legacy)","status":"Complete","elapsed":"797 ms","pid":"295920","caller":"bin\/magento indexer:reindex"} [] []
[2024-07-21T08:08:36.743374+00:00] main.INFO: {"feed":"salesOrders","operation":"full reindex(legacy)","status":"Initialize","elapsed":"857 ms","pid":"295920","caller":"bin\/magento indexer:reindex"} [] []
[2024-07-21T08:08:36.762387+00:00] main.INFO: {"feed":"salesOrders","operation":"full reindex(legacy)","status":"Creating batch table `sales_data_exporter_orders_index_batches`. Start position: 0","elapsed":"876 ms","pid":"295920","caller":"bin\/magento indexer:reindex"} [] []
[2024-07-21T08:08:36.771225+00:00] main.INFO: {"feed":"salesOrders","operation":"full reindex(legacy)","status":"Batch table `sales_data_exporter_orders_index_batches` created. Total Items: 0, batches: ~0","elapsed":"885 ms","pid":"295920","caller":"bin\/magento indexer:reindex"} [] []
[2024-07-21T08:08:36.771414+00:00] main.INFO: {"feed":"salesOrders","operation":"full reindex(legacy)","status":"nothing to process - no items to sync. Not expected? Are there any items in source table `sales_order`?","elapsed":"885 ms","pid":"295920","caller":"bin\/magento indexer:reindex"} [] []
[2024-07-21T08:08:36.772655+00:00] main.INFO: {"feed":"salesOrders","operation":"full reindex(legacy)","status":"Complete","elapsed":"886 ms","pid":"295920","caller":"bin\/magento indexer:reindex"} [] []
[2024-07-21T08:08:36.781697+00:00] main.INFO: {"feed":"salesOrderStatuses","operation":"full reindex(legacy)","status":"Initialize","elapsed":"934 ms","pid":"295920","caller":"bin\/magento indexer:reindex"} [] []
[2024-07-21T08:08:36.793411+00:00] main.INFO: {"feed":"salesOrderStatuses","operation":"full reindex(legacy)","status":"Creating batch table `sales_data_exporter_order_statuses_index_batches`. Start position: ","elapsed":"945 ms","pid":"295920","caller":"bin\/magento indexer:reindex"} [] []
[2024-07-21T08:08:36.800427+00:00] main.INFO: {"feed":"salesOrderStatuses","operation":"full reindex(legacy)","status":"Batch table `sales_data_exporter_order_statuses_index_batches` created. Total Items: 12, batches: ~0","elapsed":"952 ms","pid":"295920","caller":"bin\/magento indexer:reindex"} [] []
[2024-07-21T08:08:36.800558+00:00] main.INFO: {"feed":"salesOrderStatuses","operation":"full reindex(legacy)","status":"start processing `12` items in `1` threads with `100` batch size","elapsed":"953 ms","pid":"295920","caller":"bin\/magento indexer:reindex"} [] []
[2024-07-21T08:08:36.805313+00:00] main.INFO: {"feed":"salesOrderStatuses","operation":"full reindex(legacy)","status":"Progress 1\/1, processed 12, synced 12","elapsed":"957 ms","pid":"295920","caller":"bin\/magento indexer:reindex"} [] []
[2024-07-21T08:08:36.806452+00:00] main.INFO: {"feed":"salesOrderStatuses","operation":"full reindex(legacy)","status":"Complete","elapsed":"959 ms","pid":"295920","caller":"bin\/magento indexer:reindex"} [] []
[2024-07-21T08:25:11.290641+00:00] main.INFO: {"feed":"stores","operation":"full reindex(legacy)","status":"Initialize","elapsed":"00:00:00 951 ms","pid":"297554","caller":"bin\/magento indexer:reindex"} [] []
[2024-07-21T08:25:11.305298+00:00] main.INFO: {"feed":"stores","operation":"full reindex(legacy)","status":"Creating batch table `stores_data_exporter_index_batches`. Start position: 0","elapsed":"00:00:00 966 ms","pid":"297554","caller":"bin\/magento indexer:reindex"} [] []
[2024-07-21T08:25:11.313711+00:00] main.INFO: {"feed":"stores","operation":"full reindex(legacy)","status":"Batch table `stores_data_exporter_index_batches` created. Total Items: 1, batches: ~0","elapsed":"00:00:00 974 ms","pid":"297554","caller":"bin\/magento indexer:reindex"} [] []
[2024-07-21T08:25:11.313886+00:00] main.INFO: {"feed":"stores","operation":"full reindex(legacy)","status":"start processing `1` items in `1` threads with `100` batch size","elapsed":"00:00:00 975 ms","pid":"297554","caller":"bin\/magento indexer:reindex"} [] []
[2024-07-21T08:25:11.321975+00:00] main.INFO: {"feed":"stores","operation":"full reindex(legacy)","status":"Progress 1\/1, processed 1, synced 1","elapsed":"00:00:01 983 ms","pid":"297554","caller":"bin\/magento indexer:reindex"} [] []
[2024-07-21T08:25:11.323095+00:00] main.INFO: {"feed":"stores","operation":"full reindex(legacy)","status":"Complete","elapsed":"00:00:01 984 ms","pid":"297554","caller":"bin\/magento indexer:reindex"} [] []
[2024-07-21T08:25:11.331389+00:00] main.INFO: {"feed":"salesOrders","operation":"full reindex(legacy)","status":"Initialize","elapsed":"33 ms","pid":"297554","caller":"bin\/magento indexer:reindex"} [] []
[2024-07-21T08:25:11.345493+00:00] main.INFO: {"feed":"salesOrders","operation":"full reindex(legacy)","status":"Creating batch table `sales_data_exporter_orders_index_batches`. Start position: 0","elapsed":"47 ms","pid":"297554","caller":"bin\/magento indexer:reindex"} [] []
[2024-07-21T08:25:11.353666+00:00] main.INFO: {"feed":"salesOrders","operation":"full reindex(legacy)","status":"Batch table `sales_data_exporter_orders_index_batches` created. Total Items: 0, batches: ~0","elapsed":"55 ms","pid":"297554","caller":"bin\/magento indexer:reindex"} [] []
[2024-07-21T08:25:11.353946+00:00] main.INFO: {"feed":"salesOrders","operation":"full reindex(legacy)","status":"nothing to process - no items to sync. Not expected? Are there any items in source table `sales_order`?","elapsed":"56 ms","pid":"297554","caller":"bin\/magento indexer:reindex"} [] []
[2024-07-21T08:25:11.355217+00:00] main.INFO: {"feed":"salesOrders","operation":"full reindex(legacy)","status":"Complete","elapsed":"57 ms","pid":"297554","caller":"bin\/magento indexer:reindex"} [] []
[2024-07-21T08:25:11.365559+00:00] main.INFO: {"feed":"salesOrderStatuses","operation":"full reindex(legacy)","status":"Initialize","elapsed":"101 ms","pid":"297554","caller":"bin\/magento indexer:reindex"} [] []
[2024-07-21T08:25:11.383269+00:00] main.INFO: {"feed":"salesOrderStatuses","operation":"full reindex(legacy)","status":"Creating batch table `sales_data_exporter_order_statuses_index_batches`. Start position: ","elapsed":"119 ms","pid":"297554","caller":"bin\/magento indexer:reindex"} [] []
[2024-07-21T08:25:11.392070+00:00] main.INFO: {"feed":"salesOrderStatuses","operation":"full reindex(legacy)","status":"Batch table `sales_data_exporter_order_statuses_index_batches` created. Total Items: 12, batches: ~0","elapsed":"128 ms","pid":"297554","caller":"bin\/magento indexer:reindex"} [] []
[2024-07-21T08:25:11.392238+00:00] main.INFO: {"feed":"salesOrderStatuses","operation":"full reindex(legacy)","status":"start processing `12` items in `1` threads with `100` batch size","elapsed":"128 ms","pid":"297554","caller":"bin\/magento indexer:reindex"} [] []
[2024-07-21T08:25:11.395735+00:00] main.INFO: {"feed":"salesOrderStatuses","operation":"full reindex(legacy)","status":"Progress 1\/1, processed 12, synced 12","elapsed":"132 ms","pid":"297554","caller":"bin\/magento indexer:reindex"} [] []
[2024-07-21T08:25:11.397493+00:00] main.INFO: {"feed":"salesOrderStatuses","operation":"full reindex(legacy)","status":"Complete","elapsed":"133 ms","pid":"297554","caller":"bin\/magento indexer:reindex"} [] []
