[2024-07-20T01:53:41.085026+00:00] main.INFO: Theme layout update file '/var/www/html/empyeorg/app/design/frontend/Empye/bootstrap/Magento_Catalog/layout/catalog_category_view.xml' is not valid.
XML declaration allowed only at the start of the document
 Line: 2 [] []
[2024-07-20T01:56:53.564225+00:00] main.INFO: Theme layout update file '/var/www/html/empyeorg/app/design/frontend/Empye/bootstrap/Magento_Catalog/layout/catalog_category_view.xml' is not valid.
XML declaration allowed only at the start of the document
 Line: 2 [] []
[2024-07-20T01:56:53.606258+00:00] main.CRITICAL: Can not load static content version. [] []
[2024-07-20T01:56:53.606430+00:00] main.ERROR: Unable to retrieve deployment version of static files from the file system. [] []
[2024-07-20T01:58:20.863791+00:00] main.INFO: Theme layout update file '/var/www/html/empyeorg/app/design/frontend/Empye/bootstrap/Magento_Catalog/layout/catalog_category_view.xml' is not valid.
XML declaration allowed only at the start of the document
 Line: 2 [] []
[2024-07-20T02:00:37.917489+00:00] main.INFO: Theme layout update file '/var/www/html/empyeorg/app/design/frontend/Empye/bootstrap/Magento_Catalog/layout/catalog_category_view.xml' is not valid.
XML declaration allowed only at the start of the document
 Line: 2 [] []
[2024-07-20T02:03:13.421245+00:00] main.INFO: Theme layout update file '/var/www/html/empyeorg/app/design/frontend/Empye/bootstrap/Magento_Catalog/layout/catalog_category_view.xml' is not valid.
XML declaration allowed only at the start of the document
 Line: 2 [] []
[2024-07-20T14:32:23.114846+00:00] main.INFO: Theme layout update file '/var/www/html/empyeorg/app/design/frontend/Empye/bootstrap/Magento_Catalog/layout/catalog_category_view.xml' is not valid.
XML declaration allowed only at the start of the document
 Line: 2 [] []
[2024-07-20T14:35:23.663023+00:00] main.INFO: Theme layout update file '/var/www/html/empyeorg/app/design/frontend/Empye/bootstrap/Magento_Catalog/layout/catalog_category_view.xml' is not valid.
XML declaration allowed only at the start of the document
 Line: 2 [] []
[2024-07-20T14:39:03.355087+00:00] main.INFO: Theme layout update file '/var/www/html/empyeorg/app/design/frontend/Empye/bootstrap/Magento_Catalog/layout/catalog_category_view.xml' is not valid.
XML declaration allowed only at the start of the document
 Line: 2 [] []
[2024-07-20T14:39:45.199539+00:00] main.INFO: Theme layout update file '/var/www/html/empyeorg/app/design/frontend/Empye/bootstrap/Magento_Catalog/layout/catalog_category_view.xml' is not valid.
XML declaration allowed only at the start of the document
 Line: 2 [] []
[2024-07-20T14:39:47.819237+00:00] main.INFO: Theme layout update file '/var/www/html/empyeorg/app/design/frontend/Empye/bootstrap/Magento_Catalog/layout/catalog_category_view.xml' is not valid.
XML declaration allowed only at the start of the document
 Line: 2 [] []
[2024-07-20T14:45:36.539661+00:00] main.INFO: Theme layout update file '/var/www/html/empyeorg/app/design/frontend/Empye/bootstrap/Magento_Catalog/layout/catalog_category_view.xml' is not valid.
XML declaration allowed only at the start of the document
 Line: 2 [] []
[2024-07-20T14:46:07.724194+00:00] main.CRITICAL: Class "Magento\PageBuilder\ViewModel\StageRenderFrameRequireJsConfigModifier" does not exist [] []
[2024-07-20T14:51:26.727584+00:00] main.INFO: Theme layout update file '/var/www/html/empyeorg/app/design/frontend/Empye/bootstrap/Magento_Catalog/layout/catalog_category_view.xml' is not valid.
XML declaration allowed only at the start of the document
 Line: 2 [] []
[2024-07-20T14:51:42.548375+00:00] main.CRITICAL: Class "Magento\PageBuilder\ViewModel\StageRenderFrameRequireJsConfigModifier" does not exist [] []
[2024-07-20T14:52:39.515126+00:00] main.CRITICAL: Class "Magento\PageBuilder\ViewModel\StageRenderFrameRequireJsConfigModifier" does not exist [] []
[2024-07-20T14:56:48.753966+00:00] main.INFO: Theme layout update file '/var/www/html/empyeorg/app/design/frontend/Empye/bootstrap/Magento_Catalog/layout/catalog_category_view.xml' is not valid.
XML declaration allowed only at the start of the document
 Line: 2 [] []
[2024-07-20T14:59:25.340874+00:00] main.INFO: Theme layout update file '/var/www/html/empyeorg/app/design/frontend/Empye/bootstrap/Magento_Catalog/layout/catalog_category_view.xml' is not valid.
XML declaration allowed only at the start of the document
 Line: 2 [] []
[2024-07-20T14:59:47.676661+00:00] main.CRITICAL: Class "Magento\PageBuilder\ViewModel\StageRenderFrameRequireJsConfigModifier" does not exist [] []
[2024-07-20T15:00:35.476156+00:00] main.INFO: Theme layout update file '/var/www/html/empyeorg/app/design/frontend/Empye/bootstrap/Magento_Catalog/layout/catalog_category_view.xml' is not valid.
XML declaration allowed only at the start of the document
 Line: 2 [] []
[2024-07-20T15:00:35.525827+00:00] main.CRITICAL: Can not load static content version. [] []
[2024-07-20T15:00:35.526075+00:00] main.ERROR: Unable to retrieve deployment version of static files from the file system. [] []
[2024-07-20T15:02:11.515305+00:00] main.INFO: Theme layout update file '/var/www/html/empyeorg/app/design/frontend/Empye/bootstrap/Magento_Catalog/layout/catalog_category_view.xml' is not valid.
XML declaration allowed only at the start of the document
 Line: 2 [] []
[2024-07-20T15:02:14.615116+00:00] main.INFO: Theme layout update file '/var/www/html/empyeorg/app/design/frontend/Empye/bootstrap/Magento_Catalog/layout/catalog_category_view.xml' is not valid.
XML declaration allowed only at the start of the document
 Line: 2 [] []
[2024-07-20T15:02:31.703379+00:00] main.CRITICAL: Class "Magento\PageBuilder\ViewModel\StageRenderFrameRequireJsConfigModifier" does not exist [] []
[2024-07-20T15:03:29.910990+00:00] main.CRITICAL: Class "Magento\PageBuilder\ViewModel\StageRenderFrameRequireJsConfigModifier" does not exist [] []
[2024-07-20T15:06:10.868328+00:00] main.INFO: Theme layout update file '/var/www/html/empyeorg/app/design/frontend/Empye/bootstrap/Magento_Catalog/layout/catalog_category_view.xml' is not valid.
XML declaration allowed only at the start of the document
 Line: 2 [] []
[2024-07-20T15:06:13.530781+00:00] main.INFO: Theme layout update file '/var/www/html/empyeorg/app/design/frontend/Empye/bootstrap/Magento_Catalog/layout/catalog_category_view.xml' is not valid.
XML declaration allowed only at the start of the document
 Line: 2 [] []
[2024-07-20T15:06:34.157730+00:00] main.CRITICAL: Class "Magento\PageBuilder\ViewModel\StageRenderFrameRequireJsConfigModifier" does not exist [] []
[2024-07-20T15:07:36.067760+00:00] main.INFO: Theme layout update file '/var/www/html/empyeorg/app/design/frontend/Empye/bootstrap/Magento_Catalog/layout/catalog_category_view.xml' is not valid.
XML declaration allowed only at the start of the document
 Line: 2 [] []
[2024-07-20T15:07:36.107367+00:00] main.CRITICAL: Can not load static content version. [] []
[2024-07-20T15:07:36.107546+00:00] main.ERROR: Unable to retrieve deployment version of static files from the file system. [] []
[2024-07-20T15:08:47.828224+00:00] main.INFO: Theme layout update file '/var/www/html/empyeorg/app/design/frontend/Empye/bootstrap/Magento_Catalog/layout/catalog_category_view.xml' is not valid.
XML declaration allowed only at the start of the document
 Line: 2 [] []
[2024-07-20T15:08:58.994687+00:00] main.INFO: Theme layout update file '/var/www/html/empyeorg/app/design/frontend/Empye/bootstrap/Magento_Catalog/layout/catalog_category_view.xml' is not valid.
XML declaration allowed only at the start of the document
 Line: 2 [] []
[2024-07-20T15:09:02.293184+00:00] main.INFO: Theme layout update file '/var/www/html/empyeorg/app/design/frontend/Empye/bootstrap/Magento_Catalog/layout/catalog_category_view.xml' is not valid.
XML declaration allowed only at the start of the document
 Line: 2 [] []
[2024-07-20T15:09:20.231508+00:00] main.CRITICAL: Class "Magento\PageBuilder\ViewModel\StageRenderFrameRequireJsConfigModifier" does not exist [] []
[2024-07-20T15:11:50.851037+00:00] main.INFO: Theme layout update file '/var/www/html/empyeorg/app/design/frontend/Empye/bootstrap/Magento_Catalog/layout/catalog_category_view.xml' is not valid.
XML declaration allowed only at the start of the document
 Line: 2 [] []
[2024-07-20T15:13:00.546348+00:00] main.INFO: Theme layout update file '/var/www/html/empyeorg/app/design/frontend/Empye/bootstrap/Magento_Catalog/layout/catalog_category_view.xml' is not valid.
XML declaration allowed only at the start of the document
 Line: 2 [] []
[2024-07-20T15:13:59.140692+00:00] main.INFO: Theme layout update file '/var/www/html/empyeorg/app/design/frontend/Empye/bootstrap/Magento_Catalog/layout/catalog_category_view.xml' is not valid.
XML declaration allowed only at the start of the document
 Line: 2 [] []
[2024-07-20T15:13:59.188957+00:00] main.CRITICAL: Can not load static content version. [] []
[2024-07-20T15:13:59.189181+00:00] main.ERROR: Unable to retrieve deployment version of static files from the file system. [] []
[2024-07-20T15:15:00.861545+00:00] main.INFO: Theme layout update file '/var/www/html/empyeorg/app/design/frontend/Empye/bootstrap/Magento_Catalog/layout/catalog_category_view.xml' is not valid.
XML declaration allowed only at the start of the document
 Line: 2 [] []
[2024-07-20T15:15:04.087283+00:00] main.INFO: Theme layout update file '/var/www/html/empyeorg/app/design/frontend/Empye/bootstrap/Magento_Catalog/layout/catalog_category_view.xml' is not valid.
XML declaration allowed only at the start of the document
 Line: 2 [] []
[2024-07-20T15:23:49.076851+00:00] main.INFO: Theme layout update file '/var/www/html/empyeorg/app/design/frontend/Empye/bootstrap/Magento_Catalog/layout/catalog_category_view.xml' is not valid.
XML declaration allowed only at the start of the document
 Line: 2 [] []
[2024-07-20T15:23:50.137975+00:00] main.INFO: Theme layout update file '/var/www/html/empyeorg/app/design/frontend/Empye/bootstrap/Magento_Catalog/layout/catalog_category_view.xml' is not valid.
XML declaration allowed only at the start of the document
 Line: 2 [] []
[2024-07-20T15:45:30.382158+00:00] main.INFO: Theme layout update file '/var/www/html/empyeorg/app/design/frontend/Empye/bootstrap/Magento_Catalog/layout/catalog_category_view.xml' is not valid.
XML declaration allowed only at the start of the document
 Line: 2 [] []
[2024-07-20T15:46:14.529231+00:00] main.INFO: Theme layout update file '/var/www/html/empyeorg/app/design/frontend/Empye/bootstrap/Magento_Catalog/layout/catalog_category_view.xml' is not valid.
XML declaration allowed only at the start of the document
 Line: 2 [] []
[2024-07-20T16:11:49.361085+00:00] main.INFO: Theme layout update file '/var/www/html/empyeorg/app/design/frontend/Empye/bootstrap/Magento_Catalog/layout/catalog_category_view.xml' is not valid.
XML declaration allowed only at the start of the document
 Line: 2 [] []
[2024-07-20T16:28:08.575924+00:00] main.CRITICAL: Can not load static content version. [] []
[2024-07-20T16:28:08.777506+00:00] main.CRITICAL: Can not load static content version. [] []
[2024-07-20T16:28:08.777881+00:00] main.ERROR: Unable to retrieve deployment version of static files from the file system. [] []
[2024-07-20T17:51:19.921166+00:00] main.WARNING: Memory size allocated for the temporary table is more than 20% of innodb_buffer_pool_size. Please update innodb_buffer_pool_size or decrease batch size value (which decreases memory usages for the temporary table). Current batch size: 50000; Allocated memory size: 40000000 bytes; InnoDB buffer pool size: 134217728 bytes. [] []
[2024-07-20T17:58:06.393621+00:00] main.WARNING: Memory size allocated for the temporary table is more than 20% of innodb_buffer_pool_size. Please update innodb_buffer_pool_size or decrease batch size value (which decreases memory usages for the temporary table). Current batch size: 50000; Allocated memory size: 40000000 bytes; InnoDB buffer pool size: 134217728 bytes. [] []
[2024-07-20T18:00:00.603430+00:00] main.WARNING: Memory size allocated for the temporary table is more than 20% of innodb_buffer_pool_size. Please update innodb_buffer_pool_size or decrease batch size value (which decreases memory usages for the temporary table). Current batch size: 25000; Allocated memory size: 40000000 bytes; InnoDB buffer pool size: 134217728 bytes. [] []
[2024-07-21T02:10:00.169788+00:00] main.ERROR: The path is not allowed: media/wp-includes/wlwmanifest.xml [] []
[2024-07-21T05:45:38.283228+00:00] main.ERROR: Warning: Undefined array key "filters" in /var/www/html/empyeorg/vendor/magento/module-ui/Controller/Adminhtml/Bookmark/Save.php on line 250 [] []
[2024-07-21T09:44:36.867202+00:00] main.CRITICAL: Can not load static content version. [] []
[2024-07-21T09:44:36.867414+00:00] main.ERROR: Unable to retrieve deployment version of static files from the file system. [] []
[2024-07-23T06:27:44.471400+00:00] main.CRITICAL: Cannot resize image "/var/www/html/empyeorg/pub/media/catalog/product/m/a/magento-logo_1_.png" - original image not found [] []
[2024-07-23T06:27:44.528049+00:00] main.CRITICAL: Cannot resize image "/var/www/html/empyeorg/pub/media/catalog/product/s/v/svgviewer-png-output_15_.png" - original image not found [] []
[2024-07-23T06:27:44.539216+00:00] main.CRITICAL: Cannot resize image "/var/www/html/empyeorg/pub/media/catalog/product/s/v/svgviewer-png-output_15__1.png" - original image not found [] []
[2024-07-23T06:27:44.545551+00:00] main.CRITICAL: Cannot resize image "/var/www/html/empyeorg/pub/media/catalog/product/s/v/svgviewer-png-output_7__1.png.tmp" - original image not found [] []
[2024-07-23T06:27:44.556192+00:00] main.CRITICAL: Cannot resize image "/var/www/html/empyeorg/pub/media/catalog/product/s/v/svgviewer-png-output_8_.png.tmp" - original image not found [] []
[2024-07-23T06:27:44.571748+00:00] main.CRITICAL: Cannot resize image "/var/www/html/empyeorg/pub/media/catalog/product/s/v/svgviewer-png-output.png.tmp" - original image not found [] []
[2026-07-19T13:24:16.022572+00:00] main.ERROR: SQLSTATE[HY000] [1045] Access denied for user 'empyeorg'@'localhost' (using password: YES) [] []
[2026-07-19T13:24:16.308549+00:00] main.ERROR: SQLSTATE[HY000] [1045] Access denied for user 'empyeorg'@'localhost' (using password: YES) [] []
[2026-07-19T13:24:16.547984+00:00] main.ERROR: SQLSTATE[HY000] [1045] Access denied for user 'empyeorg'@'localhost' (using password: YES) [] []
[2026-07-19T13:24:21.833856+00:00] main.ERROR: SQLSTATE[HY000] [1045] Access denied for user 'empyeorg'@'localhost' (using password: YES) [] []
[2026-07-19T13:24:35.054372+00:00] main.ERROR: SQLSTATE[HY000] [1045] Access denied for user 'empyeorg'@'localhost' (using password: YES) [] []
[2026-07-19T13:24:35.197011+00:00] main.ERROR: SQLSTATE[HY000] [1045] Access denied for user 'empyeorg'@'localhost' (using password: YES) [] []
[2026-07-19T13:24:35.332698+00:00] main.ERROR: SQLSTATE[HY000] [1045] Access denied for user 'empyeorg'@'localhost' (using password: YES) [] []
[2026-07-19T13:24:35.464050+00:00] main.ERROR: SQLSTATE[HY000] [1045] Access denied for user 'empyeorg'@'localhost' (using password: YES) [] []
[2026-07-19T13:24:35.599557+00:00] main.ERROR: SQLSTATE[HY000] [1045] Access denied for user 'empyeorg'@'localhost' (using password: YES) [] []
[2026-07-19T13:24:35.737199+00:00] main.ERROR: SQLSTATE[HY000] [1045] Access denied for user 'empyeorg'@'localhost' (using password: YES) [] []
[2026-07-19T13:24:35.867735+00:00] main.ERROR: SQLSTATE[HY000] [1045] Access denied for user 'empyeorg'@'localhost' (using password: YES) [] []
[2026-07-19T13:24:36.103312+00:00] main.ERROR: SQLSTATE[HY000] [1045] Access denied for user 'empyeorg'@'localhost' (using password: YES) [] []
[2026-07-19T13:24:36.313146+00:00] main.ERROR: SQLSTATE[HY000] [1045] Access denied for user 'empyeorg'@'localhost' (using password: YES) [] []
[2026-07-19T13:24:36.439951+00:00] main.ERROR: SQLSTATE[HY000] [1045] Access denied for user 'empyeorg'@'localhost' (using password: YES) [] []
[2026-07-19T13:24:36.568897+00:00] main.ERROR: SQLSTATE[HY000] [1045] Access denied for user 'empyeorg'@'localhost' (using password: YES) [] []
[2026-07-19T13:24:36.703233+00:00] main.ERROR: SQLSTATE[HY000] [1045] Access denied for user 'empyeorg'@'localhost' (using password: YES) [] []
[2026-07-19T13:24:36.836673+00:00] main.ERROR: SQLSTATE[HY000] [1045] Access denied for user 'empyeorg'@'localhost' (using password: YES) [] []
[2026-07-19T13:24:37.108966+00:00] main.ERROR: SQLSTATE[HY000] [1045] Access denied for user 'empyeorg'@'localhost' (using password: YES) [] []
[2026-07-19T13:24:37.269354+00:00] main.ERROR: SQLSTATE[HY000] [1045] Access denied for user 'empyeorg'@'localhost' (using password: YES) [] []
[2026-07-19T13:24:37.512219+00:00] main.ERROR: SQLSTATE[HY000] [1045] Access denied for user 'empyeorg'@'localhost' (using password: YES) [] []
[2026-07-19T13:24:37.679217+00:00] main.ERROR: SQLSTATE[HY000] [1045] Access denied for user 'empyeorg'@'localhost' (using password: YES) [] []
[2026-07-19T13:24:37.805704+00:00] main.ERROR: SQLSTATE[HY000] [1045] Access denied for user 'empyeorg'@'localhost' (using password: YES) [] []
[2026-07-19T13:24:55.536527+00:00] main.ERROR: SQLSTATE[HY000] [1045] Access denied for user 'empyeorg'@'localhost' (using password: YES) [] []
[2026-07-19T13:24:55.768694+00:00] main.ERROR: SQLSTATE[HY000] [1045] Access denied for user 'empyeorg'@'localhost' (using password: YES) [] []
[2026-07-19T13:24:55.941249+00:00] main.ERROR: SQLSTATE[HY000] [1045] Access denied for user 'empyeorg'@'localhost' (using password: YES) [] []
[2026-07-19T13:24:56.390960+00:00] main.ERROR: SQLSTATE[HY000] [1045] Access denied for user 'empyeorg'@'localhost' (using password: YES) [] []
[2026-07-19T13:24:56.657775+00:00] main.ERROR: SQLSTATE[HY000] [1045] Access denied for user 'empyeorg'@'localhost' (using password: YES) [] []
[2026-07-19T13:24:57.804625+00:00] main.ERROR: SQLSTATE[HY000] [1045] Access denied for user 'empyeorg'@'localhost' (using password: YES) [] []
[2026-07-19T13:25:03.911264+00:00] main.ERROR: SQLSTATE[HY000] [1045] Access denied for user 'empyeorg'@'localhost' (using password: YES) [] []
[2026-07-19T13:25:08.631602+00:00] main.ERROR: SQLSTATE[HY000] [1045] Access denied for user 'empyeorg'@'localhost' (using password: YES) [] []
[2026-07-19T13:25:08.962559+00:00] main.ERROR: SQLSTATE[HY000] [1045] Access denied for user 'empyeorg'@'localhost' (using password: YES) [] []
[2026-07-19T13:25:10.258057+00:00] main.ERROR: SQLSTATE[HY000] [1045] Access denied for user 'empyeorg'@'localhost' (using password: YES) [] []
[2026-07-19T13:25:10.704550+00:00] main.ERROR: SQLSTATE[HY000] [1045] Access denied for user 'empyeorg'@'localhost' (using password: YES) [] []
[2026-07-19T13:25:37.494987+00:00] main.ERROR: SQLSTATE[HY000] [1045] Access denied for user 'empyeorg'@'localhost' (using password: YES) [] []
[2026-07-19T13:25:37.495477+00:00] main.ERROR: SQLSTATE[HY000] [1045] Access denied for user 'empyeorg'@'localhost' (using password: YES) [] []
[2026-07-19T13:26:07.271208+00:00] main.ERROR: SQLSTATE[HY000] [1045] Access denied for user 'empyeorg'@'localhost' (using password: YES) [] []
[2026-07-19T13:26:08.742163+00:00] main.ERROR: SQLSTATE[HY000] [1045] Access denied for user 'empyeorg'@'localhost' (using password: YES) [] []
[2026-07-19T13:26:25.809411+00:00] main.ERROR: SQLSTATE[HY000] [1045] Access denied for user 'empyeorg'@'localhost' (using password: YES) [] []
[2026-07-19T13:26:25.892211+00:00] main.ERROR: SQLSTATE[HY000] [1045] Access denied for user 'empyeorg'@'localhost' (using password: YES) [] []
[2026-07-19T13:26:26.168384+00:00] main.ERROR: SQLSTATE[HY000] [1045] Access denied for user 'empyeorg'@'localhost' (using password: YES) [] []
[2026-07-19T13:26:26.287533+00:00] main.ERROR: SQLSTATE[HY000] [1045] Access denied for user 'empyeorg'@'localhost' (using password: YES) [] []
[2026-07-19T13:26:45.384034+00:00] main.ERROR: SQLSTATE[HY000] [1698] Access denied for user 'empyeorg'@'localhost' [] []
[2026-07-19T13:28:14.334125+00:00] main.ERROR: SQLSTATE[HY000] [1698] Access denied for user 'empyeorg'@'localhost' [] []
[2026-07-19T13:28:14.599837+00:00] main.ERROR: SQLSTATE[HY000] [1698] Access denied for user 'empyeorg'@'localhost' [] []
[2026-07-19T13:28:15.287825+00:00] main.ERROR: SQLSTATE[HY000] [1698] Access denied for user 'empyeorg'@'localhost' [] []
[2026-07-19T13:28:15.339969+00:00] main.ERROR: SQLSTATE[HY000] [1698] Access denied for user 'empyeorg'@'localhost' [] []
[2026-07-19T13:28:24.511078+00:00] main.ERROR: SQLSTATE[HY000] [1698] Access denied for user 'empyeorg'@'localhost' [] []
[2026-07-19T13:28:37.836519+00:00] main.ERROR: SQLSTATE[HY000] [1698] Access denied for user 'empyeorg'@'localhost' [] []
[2026-07-19T13:28:37.863846+00:00] main.ERROR: SQLSTATE[HY000] [1698] Access denied for user 'empyeorg'@'localhost' [] []
[2026-07-19T13:28:37.972173+00:00] main.ERROR: SQLSTATE[HY000] [1698] Access denied for user 'empyeorg'@'localhost' [] []
[2026-07-19T13:28:37.993777+00:00] main.ERROR: SQLSTATE[HY000] [1698] Access denied for user 'empyeorg'@'localhost' [] []
[2026-07-19T13:28:39.068612+00:00] main.ERROR: SQLSTATE[HY000] [1698] Access denied for user 'empyeorg'@'localhost' [] []
[2026-07-19T13:28:39.657929+00:00] main.ERROR: SQLSTATE[HY000] [1698] Access denied for user 'empyeorg'@'localhost' [] []
<<<<<<< HEAD
<<<<<<< HEAD
=======
[2026-07-20T07:19:46.022682+00:00] main.ERROR: The path is not allowed: media/wp-includes/wlwmanifest.xml [] []
[2026-07-20T08:43:13.703402+00:00] main.ERROR: The path is not allowed: media/wp-includes/wlwmanifest.xml [] []
[2026-07-20T12:14:31.010036+00:00] main.ERROR: The path is not allowed: media/wp-includes/wlwmanifest.xml [] []
[2026-07-20T23:54:03.158905+00:00] main.ERROR: The path is not allowed: media/wp-includes/wlwmanifest.xml [] []
[2026-07-21T03:51:03.605069+00:00] main.ERROR: The path is not allowed: media/wp-includes/wlwmanifest.xml [] []
[2026-07-21T04:51:53.888741+00:00] main.ERROR: The path is not allowed: media/wp-includes/wlwmanifest.xml [] []
[2026-07-21T19:12:55.806818+00:00] main.ERROR: The path is not allowed: media/wp-includes/wlwmanifest.xml [] []
[2026-07-21T20:38:24.882255+00:00] main.ERROR: The path is not allowed: media/wp-includes/wlwmanifest.xml [] []
[2026-07-22T09:28:18.438223+00:00] main.ERROR: The path is not allowed:  [] []
[2026-07-22T14:02:33.833134+00:00] main.ERROR: The path is not allowed: media/wp-includes/wlwmanifest.xml [] []
[2026-07-22T19:13:33.475672+00:00] main.ERROR: The path is not allowed: media/system/js/core.js [] []
[2026-07-23T00:36:27.671054+00:00] main.ERROR: The path is not allowed:  [] []
[2026-07-23T06:19:20.297358+00:00] main.ERROR: The path is not allowed:  [] []
[2026-07-23T12:39:15.141447+00:00] main.ERROR: The path is not allowed:  [] []
[2026-07-24T03:09:15.042887+00:00] main.ERROR: The path is not allowed: media/* [] []
[2026-07-24T03:09:15.108883+00:00] main.ERROR: The path is not allowed: media/.env [] []
[2026-07-25T06:59:15.766970+00:00] main.ERROR: The path is not allowed:  [] []
[2026-07-25T10:10:39.500551+00:00] main.ERROR: The path is not allowed: media/wp-includes/wlwmanifest.xml [] []
[2026-07-26T00:00:34.524821+00:00] main.ERROR: The path is not allowed:  [] []
[2026-07-26T09:17:47.972041+00:00] main.ERROR: The path is not allowed: media/com_sppagebuilder/assets/iconfont/km/fonts/index.php [] []
[2026-07-27T04:08:09.962084+00:00] main.ERROR: The path is not allowed:  [] []
[2026-07-27T07:53:47.711782+00:00] main.ERROR: The path is not allowed: media/system/js/core.js [] []
[2026-07-27T14:05:58.246016+00:00] main.ERROR: The path is not allowed: media/system/js/core.js [] []
[2026-07-27T18:08:23.832084+00:00] main.ERROR: The path is not allowed: media/wp-includes/wlwmanifest.xml [] []
[2026-07-28T05:23:09.889616+00:00] main.ERROR: The path is not allowed:  [] []
[2026-07-28T10:26:45.646154+00:00] main.ERROR: The path is not allowed: media/wp-includes/wlwmanifest.xml [] []
[2026-07-30T23:28:23.030760+00:00] main.ERROR: The path is not allowed: media/wp-includes/wlwmanifest.xml [] []
>>>>>>> 910156f6f (Gitlab CI)
=======
>>>>>>> a0099bdc666f425a6764a2b8049017674a563e18
